Component: ARM Compiler 6.15 Tool: armlink [5dd79300]

==============================================================================

Section Cross References

    startup_stm32f407xx.o(RESET) refers to startup_stm32f407xx.o(STACK) for __initial_sp
    startup_stm32f407xx.o(RESET) refers to startup_stm32f407xx.o(.text) for Reset_Handler
    startup_stm32f407xx.o(RESET) refers to stm32f4xx_it.o(.text.NMI_Handler) for NMI_Handler
    startup_stm32f407xx.o(RESET) refers to stm32f4xx_it.o(.text.HardFault_Handler) for HardFault_Handler
    startup_stm32f407xx.o(RESET) refers to stm32f4xx_it.o(.text.MemManage_Handler) for MemManage_Handler
    startup_stm32f407xx.o(RESET) refers to stm32f4xx_it.o(.text.BusFault_Handler) for BusFault_Handler
    startup_stm32f407xx.o(RESET) refers to stm32f4xx_it.o(.text.UsageFault_Handler) for UsageFault_Handler
    startup_stm32f407xx.o(RESET) refers to stm32f4xx_it.o(.text.SVC_Handler) for SVC_Handler
    startup_stm32f407xx.o(RESET) refers to stm32f4xx_it.o(.text.DebugMon_Handler) for DebugMon_Handler
    startup_stm32f407xx.o(RESET) refers to stm32f4xx_it.o(.text.PendSV_Handler) for PendSV_Handler
    startup_stm32f407xx.o(RESET) refers to stm32f4xx_it.o(.text.SysTick_Handler) for SysTick_Handler
    startup_stm32f407xx.o(RESET) refers to stm32f4xx_it.o(.text.TIM2_IRQHandler) for TIM2_IRQHandler
    startup_stm32f407xx.o(RESET) refers to stm32f4xx_it.o(.text.TIM3_IRQHandler) for TIM3_IRQHandler
    startup_stm32f407xx.o(RESET) refers to stm32f4xx_it.o(.text.DMA2_Stream3_IRQHandler) for DMA2_Stream3_IRQHandler
    startup_stm32f407xx.o(.text) refers to system_stm32f4xx.o(.text.SystemInit) for SystemInit
    startup_stm32f407xx.o(.text) refers to entry.o(.ARM.Collect$$$$00000000) for __main
    main.o(.text.main) refers to stm32f4xx_hal.o(.text.HAL_Init) for HAL_Init
    main.o(.text.main) refers to main.o(.text.SystemClock_Config) for SystemClock_Config
    main.o(.text.main) refers to gpio.o(.text.MX_GPIO_Init) for MX_GPIO_Init
    main.o(.text.main) refers to dma.o(.text.MX_DMA_Init) for MX_DMA_Init
    main.o(.text.main) refers to rtc.o(.text.MX_RTC_Init) for MX_RTC_Init
    main.o(.text.main) refers to tim.o(.text.MX_TIM2_Init) for MX_TIM2_Init
    main.o(.text.main) refers to spi.o(.text.MX_SPI1_Init) for MX_SPI1_Init
    main.o(.text.main) refers to usart.o(.text.MX_USART1_UART_Init) for MX_USART1_UART_Init
    main.o(.text.main) refers to adc.o(.text.MX_ADC1_Init) for MX_ADC1_Init
    main.o(.text.main) refers to sdio.o(.text.MX_SDIO_SD_Init) for MX_SDIO_SD_Init
    main.o(.text.main) refers to fatfs.o(.text.MX_FATFS_Init) for MX_FATFS_Init
    main.o(.text.main) refers to tim.o(.text.MX_TIM3_Init) for MX_TIM3_Init
    main.o(.text.main) refers to usermain.o(.text.UserInit) for UserInit
    main.o(.text.main) refers to usermain.o(.text.UserMain) for UserMain
    main.o(.ARM.exidx.text.main) refers to main.o(.text.main) for [Anonymous Symbol]
    main.o(.text.SystemClock_Config) refers to memseta.o(.text) for __aeabi_memclr4
    main.o(.text.SystemClock_Config) refers to stm32f4xx_hal_rcc.o(.text.HAL_RCC_OscConfig) for HAL_RCC_OscConfig
    main.o(.text.SystemClock_Config) refers to stm32f4xx_hal_rcc.o(.text.HAL_RCC_ClockConfig) for HAL_RCC_ClockConfig
    main.o(.text.SystemClock_Config) refers to stm32f4xx_hal_rcc_ex.o(.text.HAL_RCCEx_PeriphCLKConfig) for HAL_RCCEx_PeriphCLKConfig
    main.o(.text.SystemClock_Config) refers to stm32f4xx_hal_rcc.o(.text.HAL_RCC_EnableCSS) for HAL_RCC_EnableCSS
    main.o(.ARM.exidx.text.SystemClock_Config) refers to main.o(.text.SystemClock_Config) for [Anonymous Symbol]
    main.o(.ARM.exidx.text.Error_Handler) refers to main.o(.text.Error_Handler) for [Anonymous Symbol]
    gpio.o(.text.MX_GPIO_Init) refers to gpio.o(.text.LL_AHB1_GRP1_EnableClock) for LL_AHB1_GRP1_EnableClock
    gpio.o(.text.MX_GPIO_Init) refers to stm32f4xx_ll_gpio.o(.text.LL_GPIO_Init) for LL_GPIO_Init
    gpio.o(.ARM.exidx.text.MX_GPIO_Init) refers to gpio.o(.text.MX_GPIO_Init) for [Anonymous Symbol]
    gpio.o(.ARM.exidx.text.LL_AHB1_GRP1_EnableClock) refers to gpio.o(.text.LL_AHB1_GRP1_EnableClock) for [Anonymous Symbol]
    adc.o(.text.MX_ADC1_Init) refers to stm32f4xx_hal_adc.o(.text.HAL_ADC_Init) for HAL_ADC_Init
    adc.o(.text.MX_ADC1_Init) refers to main.o(.text.Error_Handler) for Error_Handler
    adc.o(.text.MX_ADC1_Init) refers to stm32f4xx_hal_adc.o(.text.HAL_ADC_ConfigChannel) for HAL_ADC_ConfigChannel
    adc.o(.text.MX_ADC1_Init) refers to adc.o(.bss.hadc1) for hadc1
    adc.o(.ARM.exidx.text.MX_ADC1_Init) refers to adc.o(.text.MX_ADC1_Init) for [Anonymous Symbol]
    adc.o(.text.HAL_ADC_MspInit) refers to memseta.o(.text) for __aeabi_memclr4
    adc.o(.text.HAL_ADC_MspInit) refers to stm32f4xx_hal_gpio.o(.text.HAL_GPIO_Init) for HAL_GPIO_Init
    adc.o(.ARM.exidx.text.HAL_ADC_MspInit) refers to adc.o(.text.HAL_ADC_MspInit) for [Anonymous Symbol]
[...]
    DMA1_Stream4_IRQHandler                  0x080001b7   Thumb Code     0  startup_stm32f407xx.o(.text)
    DMA1_Stream5_IRQHandler                  0x080001b7   Thumb Code     0  startup_stm32f407xx.o(.text)
    DMA1_Stream6_IRQHandler                  0x080001b7   Thumb Code     0  startup_stm32f407xx.o(.text)
    DMA1_Stream7_IRQHandler                  0x080001b7   Thumb Code     0  startup_stm32f407xx.o(.text)
    DMA2_Stream0_IRQHandler                  0x080001b7   Thumb Code     0  startup_stm32f407xx.o(.text)
    DMA2_Stream1_IRQHandler                  0x080001b7   Thumb Code     0  startup_stm32f407xx.o(.text)
    DMA2_Stream2_IRQHandler                  0x080001b7   Thumb Code     0  startup_stm32f407xx.o(.text)
    DMA2_Stream4_IRQHandler                  0x080001b7   Thumb Code     0  startup_stm32f407xx.o(.text)
    DMA2_Stream5_IRQHandler                  0x080001b7   Thumb Code     0  startup_stm32f407xx.o(.text)
    DMA2_Stream6_IRQHandler                  0x080001b7   Thumb Code     0  startup_stm32f407xx.o(.text)
    DMA2_Stream7_IRQHandler                  0x080001b7   Thumb Code     0  startup_stm32f407xx.o(.text)
    ETH_IRQHandler                           0x080001b7   Thumb Code     0  startup_stm32f407xx.o(.text)
    ETH_WKUP_IRQHandler                      0x080001b7   Thumb Code     0  startup_stm32f407xx.o(.text)
    EXTI0_IRQHandler                         0x080001b7   Thumb Code     0  startup_stm32f407xx.o(.text)
    EXTI15_10_IRQHandler                     0x080001b7   Thumb Code     0  startup_stm32f407xx.o(.text)
    EXTI1_IRQHandler                         0x080001b7   Thumb Code     0  startup_stm32f407xx.o(.text)
    EXTI2_IRQHandler                         0x080001b7   Thumb Code     0  startup_stm32f407xx.o(.text)
    EXTI3_IRQHandler                         0x080001b7   Thumb Code     0  startup_stm32f407xx.o(.text)
    EXTI4_IRQHandler                         0x080001b7   Thumb Code     0  startup_stm32f407xx.o(.text)
    EXTI9_5_IRQHandler                       0x080001b7   Thumb Code     0  startup_stm32f407xx.o(.text)
    FLASH_IRQHandler                         0x080001b7   Thumb Code     0  startup_stm32f407xx.o(.text)
    FMC_IRQHandler                           0x080001b7   Thumb Code     0  startup_stm32f407xx.o(.text)
    FPU_IRQHandler                           0x080001b7   Thumb Code     0  startup_stm32f407xx.o(.text)
    HASH_RNG_IRQHandler                      0x080001b7   Thumb Code     0  startup_stm32f407xx.o(.text)
    I2C1_ER_IRQHandler                       0x080001b7   Thumb Code     0  startup_stm32f407xx.o(.text)
    I2C1_EV_IRQHandler                       0x080001b7   Thumb Code     0  startup_stm32f407xx.o(.text)
    I2C2_ER_IRQHandler                       0x080001b7   Thumb Code     0  startup_stm32f407xx.o(.text)
    I2C2_EV_IRQHandler                       0x080001b7   Thumb Code     0  startup_stm32f407xx.o(.text)
    I2C3_ER_IRQHandler                       0x080001b7   Thumb Code     0  startup_stm32f407xx.o(.text)
    I2C3_EV_IRQHandler                       0x080001b7   Thumb Code     0  startup_stm32f407xx.o(.text)
    OTG_FS_IRQHandler                        0x080001b7   Thumb Code     0  startup_stm32f407xx.o(.text)
    OTG_FS_WKUP_IRQHandler                   0x080001b7   Thumb Code     0  startup_stm32f407xx.o(.text)
    OTG_HS_EP1_IN_IRQHandler                 0x080001b7   Thumb Code     0  startup_stm32f407xx.o(.text)
    OTG_HS_EP1_OUT_IRQHandler                0x080001b7   Thumb Code     0  startup_stm32f407xx.o(.text)
    OTG_HS_IRQHandler                        0x080001b7   Thumb Code     0  startup_stm32f407xx.o(.text)
    OTG_HS_WKUP_IRQHandler                   0x080001b7   Thumb Code     0  startup_stm32f407xx.o(.text)
    PVD_IRQHandler                           0x080001b7   Thumb Code     0  startup_stm32f407xx.o(.text)
    RCC_IRQHandler                           0x080001b7   Thumb Code     0  startup_stm32f407xx.o(.text)
    RTC_Alarm_IRQHandler                     0x080001b7   Thumb Code     0  startup_stm32f407xx.o(.text)
    RTC_WKUP_IRQHandler                      0x080001b7   Thumb Code     0  startup_stm32f407xx.o(.text)
    SDIO_IRQHandler                          0x080001b7   Thumb Code     0  startup_stm32f407xx.o(.text)
    SPI1_IRQHandler                          0x080001b7   Thumb Code     0  startup_stm32f407xx.o(.text)
    SPI2_IRQHandler                          0x080001b7   Thumb Code     0  startup_stm32f407xx.o(.text)
    SPI3_IRQHandler                          0x080001b7   Thumb Code     0  startup_stm32f407xx.o(.text)
    TAMP_STAMP_IRQHandler                    0x080001b7   Thumb Code     0  startup_stm32f407xx.o(.text)
    TIM1_BRK_TIM9_IRQHandler                 0x080001b7   Thumb Code     0  startup_stm32f407xx.o(.text)
    TIM1_CC_IRQHandler                       0x080001b7   Thumb Code     0  startup_stm32f407xx.o(.text)
    TIM1_TRG_COM_TIM11_IRQHandler            0x080001b7   Thumb Code     0  startup_stm32f407xx.o(.text)
    TIM1_UP_TIM10_IRQHandler                 0x080001b7   Thumb Code     0  startup_stm32f407xx.o(.text)
    TIM4_IRQHandler                          0x080001b7   Thumb Code     0  startup_stm32f407xx.o(.text)
    TIM5_IRQHandler                          0x080001b7   Thumb Code     0  startup_stm32f407xx.o(.text)
    TIM6_DAC_IRQHandler                      0x080001b7   Thumb Code     0  startup_stm32f407xx.o(.text)
    TIM7_IRQHandler                          0x080001b7   Thumb Code     0  startup_stm32f407xx.o(.text)
    TIM8_BRK_TIM12_IRQHandler                0x080001b7   Thumb Code     0  startup_stm32f407xx.o(.text)
    TIM8_CC_IRQHandler                       0x080001b7   Thumb Code     0  startup_stm32f407xx.o(.text)
    TIM8_TRG_COM_TIM14_IRQHandler            0x080001b7   Thumb Code     0  startup_stm32f407xx.o(.text)
    TIM8_UP_TIM13_IRQHandler                 0x080001b7   Thumb Code     0  startup_stm32f407xx.o(.text)
    UART4_IRQHandler                         0x080001b7   Thumb Code     0  startup_stm32f407xx.o(.text)
    UART5_IRQHandler                         0x080001b7   Thumb Code     0  startup_stm32f407xx.o(.text)
    USART1_IRQHandler                        0x080001b7   Thumb Code     0  startup_stm32f407xx.o(.text)
    USART2_IRQHandler                        0x080001b7   Thumb Code     0  startup_stm32f407xx.o(.text)
    USART3_IRQHandler                        0x080001b7   Thumb Code     0  startup_stm32f407xx.o(.text)
    USART6_IRQHandler                        0x080001b7   Thumb Code     0  startup_stm32f407xx.o(.text)
    WWDG_IRQHandler                          0x080001b7   Thumb Code     0  startup_stm32f407xx.o(.text)
    __aeabi_uldivmod                         0x080001c1   Thumb Code    98  uldiv.o(.text)
    __aeabi_memcpy                           0x08000223   Thumb Code    36  memcpya.o(.text)
    __aeabi_memcpy4                          0x08000223   Thumb Code     0  memcpya.o(.text)
    __aeabi_memcpy8                          0x08000223   Thumb Code     0  memcpya.o(.text)
    __aeabi_memset                           0x08000247   Thumb Code    14  memseta.o(.text)
    __aeabi_memset4                          0x08000247   Thumb Code     0  memseta.o(.text)
    __aeabi_memset8                          0x08000247   Thumb Code     0  memseta.o(.text)
    __aeabi_memclr                           0x08000255   Thumb Code     4  memseta.o(.text)
    __aeabi_memclr4                          0x08000255   Thumb Code     0  memseta.o(.text)
    __aeabi_memclr8                          0x08000255   Thumb Code     0  memseta.o(.text)
    _memset$wrapper                          0x08000259   Thumb Code    18  memseta.o(.text)
    __aeabi_dadd                             0x0800026b   Thumb Code   322  dadd.o(.text)
    __aeabi_dsub                             0x080003ad   Thumb Code     6  dadd.o(.text)
    __aeabi_drsub                            0x080003b3   Thumb Code     6  dadd.o(.text)
    __aeabi_dmul                             0x080003b9   Thumb Code   228  dmul.o(.text)
    __aeabi_ddiv                             0x0800049d   Thumb Code   222  ddiv.o(.text)
    __aeabi_i2d                              0x0800057b   Thumb Code    34  dflti.o(.text)
    __aeabi_ui2d                             0x0800059d   Thumb Code    26  dfltui.o(.text)
    __aeabi_d2iz                             0x080005b7   Thumb Code    62  dfixi.o(.text)
    __aeabi_d2uiz                            0x080005f5   Thumb Code    50  dfixui.o(.text)
    __aeabi_f2d                              0x08000627   Thumb Code    38  f2d.o(.text)
    __aeabi_d2f                              0x0800064d   Thumb Code    56  d2f.o(.text)
    __aeabi_uidiv                            0x08000685   Thumb Code     0  uidiv.o(.text)
    __aeabi_uidivmod                         0x08000685   Thumb Code    44  uidiv.o(.text)
    __aeabi_llsl                             0x080006b1   Thumb Code    30  llshl.o(.text)
    _ll_shift_l                              0x080006b1   Thumb Code     0  llshl.o(.text)
    __aeabi_llsr                             0x080006cf   Thumb Code    32  llushr.o(.text)
    _ll_ushift_r                             0x080006cf   Thumb Code     0  llushr.o(.text)
    __aeabi_lasr                             0x080006ef   Thumb Code    36  llsshr.o(.text)
    _ll_sshift_r                             0x080006ef   Thumb Code     0  llsshr.o(.text)
    __I$use$fp                               0x08000713   Thumb Code     0  iusefp.o(.text)
    _float_round                             0x08000713   Thumb Code    18  fepilogue.o(.text)
    _float_epilogue                          0x08000725   Thumb Code    92  fepilogue.o(.text)
    _double_round                            0x08000781   Thumb Code    30  depilogue.o(.text)
    _double_epilogue                         0x0800079f   Thumb Code   156  depilogue.o(.text)
    __aeabi_d2ulz                            0x0800083b   Thumb Code    48  dfixul.o(.text)
    __aeabi_cdrcmple                         0x0800086d   Thumb Code    48  cdrcmple.o(.text)
    __scatterload                            0x0800089d   Thumb Code    28  init.o(.text)
    __scatterload_rt2                        0x0800089d   Thumb Code     0  init.o(.text)
    BSP_PlatformIsDetected                   0x080008c1   Thumb Code    24  fatfs_platform.o(.text.BSP_PlatformIsDetected)
    BSP_SD_GetCardInfo                       0x080008d9   Thumb Code     8  bsp_driver_sd.o(.text.BSP_SD_GetCardInfo)
    BSP_SD_GetCardState                      0x080008e1   Thumb Code    16  bsp_driver_sd.o(.text.BSP_SD_GetCardState)
    BSP_SD_Init                              0x080008f1   Thumb Code    48  bsp_driver_sd.o(.text.BSP_SD_Init)
    BSP_SD_IsDetected                        0x08000921   Thumb Code    26  bsp_driver_sd.o(.text.BSP_SD_IsDetected)
    BSP_SD_ReadBlocks                        0x0800093d   Thumb Code    28  bsp_driver_sd.o(.text.BSP_SD_ReadBlocks)
    BSP_SD_WriteBlocks                       0x08000959   Thumb Code    32  bsp_driver_sd.o(.text.BSP_SD_WriteBlocks)
    BusFault_Handler                         0x08000979   Thumb Code     2  stm32f4xx_it.o(.text.BusFault_Handler)
    Char2Hex                                 0x0800097b   Thumb Code    50  picture.o(.text.Char2Hex)
    ClearReaginSet                           0x080009ad   Thumb Code    56  gui.o(.text.ClearReaginSet)
    DMA2_Stream3_IRQHandler                  0x080009e5   Thumb Code    12  stm32f4xx_it.o(.text.DMA2_Stream3_IRQHandler)
    DebugMon_Handler                         0x08000a47   Thumb Code     2  stm32f4xx_it.o(.text.DebugMon_Handler)
    DisplayButtonDown                        0x08000a49   Thumb Code   116  gui.o(.text.DisplayButtonDown)
    DisplayButtonUp                          0x08000abd   Thumb Code   124  gui.o(.text.DisplayButtonUp)
    Error_Handler                            0x08000b39   Thumb Code     8  main.o(.text.Error_Handler)
    FATFS_LinkDriver                         0x08000b41   Thumb Code     6  ff_gen_drv.o(.text.FATFS_LinkDriver)
    FATFS_LinkDriverEx                       0x08000b49   Thumb Code    60  ff_gen_drv.o(.text.FATFS_LinkDriverEx)
    GetBatteryPowerRate                      0x08000b89   Thumb Code   400  batadc.o(.text.GetBatteryPowerRate)
    Gui_DrawFont_GBK24                       0x08000d19   Thumb Code   388  gui.o(.text.Gui_DrawFont_GBK24)
    Gui_DrawLine                             0x08000e9d   Thumb Code   176  gui.o(.text.Gui_DrawLine)
    Gui_DrawPoint                            0x08000f4d   Thumb Code    18  lcd.o(.text.Gui_DrawPoint)
    HAL_ADC_ConfigChannel                    0x08000f61   Thumb Code   228  stm32f4xx_hal_adc.o(.text.HAL_ADC_ConfigChannel)
    HAL_ADC_GetState                         0x08001045   Thumb Code     4  stm32f4xx_hal_adc.o(.text.HAL_ADC_GetState)
    HAL_ADC_GetValue                         0x08001049   Thumb Code     6  stm32f4xx_hal_adc.o(.text.HAL_ADC_GetValue)
    HAL_ADC_Init                             0x08001051   Thumb Code   316  stm32f4xx_hal_adc.o(.text.HAL_ADC_Init)
    HAL_ADC_MspInit                          0x0800118d   Thumb Code    96  adc.o(.text.HAL_ADC_MspInit)
    HAL_ADC_PollForConversion                0x080011ed   Thumb Code   140  stm32f4xx_hal_adc.o(.text.HAL_ADC_PollForConversion)
    HAL_ADC_Start                            0x08001279   Thumb Code   220  stm32f4xx_hal_adc.o(.text.HAL_ADC_Start)
    HAL_DMA_IRQHandler                       0x08001355   Thumb Code   352  stm32f4xx_hal_dma.o(.text.HAL_DMA_IRQHandler)
    HAL_DMA_Init                             0x080014b5   Thumb Code   260  stm32f4xx_hal_dma.o(.text.HAL_DMA_Init)
    HAL_DMA_Start_IT                         0x080015b9   Thumb Code    88  stm32f4xx_hal_dma.o(.text.HAL_DMA_Start_IT)
    HAL_Delay                                0x08001611   Thumb Code    32  stm32f4xx_hal.o(.text.HAL_Delay)
    HAL_GPIO_Init                            0x08001631   Thumb Code   408  stm32f4xx_hal_gpio.o(.text.HAL_GPIO_Init)
    HAL_GPIO_ReadPin                         0x080017c9   Thumb Code    10  stm32f4xx_hal_gpio.o(.text.HAL_GPIO_ReadPin)
    HAL_GPIO_WritePin                        0x080017d3   Thumb Code    10  stm32f4xx_hal_gpio.o(.text.HAL_GPIO_WritePin)
    HAL_GetTick                              0x080017dd   Thumb Code     8  stm32f4xx_hal.o(.text.HAL_GetTick)
    HAL_IncTick                              0x080017e5   Thumb Code    20  stm32f4xx_hal.o(.text.HAL_IncTick)
    HAL_Init                                 0x080017f9   Thumb Code    52  stm32f4xx_hal.o(.text.HAL_Init)
    HAL_InitTick                             0x0800182d   Thumb Code    60  stm32f4xx_hal.o(.text.HAL_InitTick)
    HAL_MspInit                              0x08001869   Thumb Code    60  stm32f4xx_hal_msp.o(.text.HAL_MspInit)
    HAL_NVIC_EnableIRQ                       0x080018a5   Thumb Code    24  stm32f4xx_hal_cortex.o(.text.HAL_NVIC_EnableIRQ)
    HAL_NVIC_SetPriority                     0x080018bd   Thumb Code    76  stm32f4xx_hal_cortex.o(.text.HAL_NVIC_SetPriority)
    HAL_NVIC_SetPriorityGrouping             0x08001909   Thumb Code    32  stm32f4xx_hal_cortex.o(.text.HAL_NVIC_SetPriorityGrouping)
    HAL_RCCEx_PeriphCLKConfig                0x08001929   Thumb Code   268  stm32f4xx_hal_rcc_ex.o(.text.HAL_RCCEx_PeriphCLKConfig)
    HAL_RCC_CSSCallback                      0x08001a35   Thumb Code     2  stm32f4xx_hal_rcc.o(.text.HAL_RCC_CSSCallback)
    HAL_RCC_ClockConfig                      0x08001a39   Thumb Code   276  stm32f4xx_hal_rcc.o(.text.HAL_RCC_ClockConfig)
    HAL_RCC_EnableCSS                        0x08001b4d   Thumb Code    12  stm32f4xx_hal_rcc.o(.text.HAL_RCC_EnableCSS)
    HAL_RCC_GetPCLK1Freq                     0x08001b59   Thumb Code    20  stm32f4xx_hal_rcc.o(.text.HAL_RCC_GetPCLK1Freq)
    HAL_RCC_GetPCLK2Freq                     0x08001b6d   Thumb Code    32  stm32f4xx_hal_rcc.o(.text.HAL_RCC_GetPCLK2Freq)
    HAL_RCC_GetSysClockFreq                  0x08001b8d   Thumb Code    92  stm32f4xx_hal_rcc.o(.text.HAL_RCC_GetSysClockFreq)
    HAL_RCC_NMI_IRQHandler                   0x08001be9   Thumb Code    24  stm32f4xx_hal_rcc.o(.text.HAL_RCC_NMI_IRQHandler)
    HAL_RCC_OscConfig                        0x08001c01   Thumb Code   792  stm32f4xx_hal_rcc.o(.text.HAL_RCC_OscConfig)
    HAL_RTCEx_BKUPWrite                      0x08001f19   Thumb Code    10  stm32f4xx_hal_rtc_ex.o(.text.HAL_RTCEx_BKUPWrite)
    HAL_RTC_GetDate                          0x08001f23   Thumb Code    86  stm32f4xx_hal_rtc.o(.text.HAL_RTC_GetDate)
    HAL_RTC_GetTime                          0x08001f79   Thumb Code   102  stm32f4xx_hal_rtc.o(.text.HAL_RTC_GetTime)
    HAL_RTC_Init                             0x08001fe1   Thumb Code   120  stm32f4xx_hal_rtc.o(.text.HAL_RTC_Init)
    HAL_RTC_MspInit                          0x08002059   Thumb Code    28  rtc.o(.text.HAL_RTC_MspInit)
    HAL_RTC_SetDate                          0x08002075   Thumb Code   148  stm32f4xx_hal_rtc.o(.text.HAL_RTC_SetDate)
    HAL_RTC_SetTime                          0x08002109   Thumb Code   180  stm32f4xx_hal_rtc.o(.text.HAL_RTC_SetTime)
    HAL_RTC_WaitForSynchro                   0x080021bd   Thumb Code    46  stm32f4xx_hal_rtc.o(.text.HAL_RTC_WaitForSynchro)
    HAL_SD_ConfigWideBusOperation            0x080021ed   Thumb Code   208  stm32f4xx_hal_sd.o(.text.HAL_SD_ConfigWideBusOperation)
    HAL_SD_GetCardCSD                        0x080022bd   Thumb Code   368  stm32f4xx_hal_sd.o(.text.HAL_SD_GetCardCSD)
    HAL_SD_GetCardInfo                       0x0800242d   Thumb Code    32  stm32f4xx_hal_sd.o(.text.HAL_SD_GetCardInfo)
    HAL_SD_GetCardState                      0x0800244d   Thumb Code    36  stm32f4xx_hal_sd.o(.text.HAL_SD_GetCardState)
    HAL_SD_Init                              0x08002471   Thumb Code    54  stm32f4xx_hal_sd.o(.text.HAL_SD_Init)
    HAL_SD_InitCard                          0x080024a9   Thumb Code   432  stm32f4xx_hal_sd.o(.text.HAL_SD_InitCard)
    HAL_SD_MspInit                           0x08002659   Thumb Code   164  sdio.o(.text.HAL_SD_MspInit)
    HAL_SD_ReadBlocks                        0x080026fd   Thumb Code   448  stm32f4xx_hal_sd.o(.text.HAL_SD_ReadBlocks)
    HAL_SD_WriteBlocks                       0x080028bd   Thumb Code   404  stm32f4xx_hal_sd.o(.text.HAL_SD_WriteBlocks)
    HAL_SPI_ErrorCallback                    0x08002a51   Thumb Code     2  stm32f4xx_hal_spi.o(.text.HAL_SPI_ErrorCallback)
    HAL_SPI_GetState                         0x08002a53   Thumb Code     4  stm32f4xx_hal_spi.o(.text.HAL_SPI_GetState)
    HAL_SPI_Init                             0x08002a57   Thumb Code   112  stm32f4xx_hal_spi.o(.text.HAL_SPI_Init)
    HAL_SPI_MspInit                          0x08002ac9   Thumb Code   164  spi.o(.text.HAL_SPI_MspInit)
    HAL_SPI_Transmit                         0x08002b6d   Thumb Code   270  stm32f4xx_hal_spi.o(.text.HAL_SPI_Transmit)
    HAL_SPI_Transmit_DMA                     0x08002c7d   Thumb Code   144  stm32f4xx_hal_spi.o(.text.HAL_SPI_Transmit_DMA)
    HAL_SPI_TxCpltCallback                   0x08002d0d   Thumb Code     2  stm32f4xx_hal_spi.o(.text.HAL_SPI_TxCpltCallback)
    HAL_SPI_TxHalfCpltCallback               0x08002d0f   Thumb Code     2  stm32f4xx_hal_spi.o(.text.HAL_SPI_TxHalfCpltCallback)
    HAL_SYSTICK_Config                       0x08002d11   Thumb Code    40  stm32f4xx_hal_cortex.o(.text.HAL_SYSTICK_Config)
    HAL_TIMEx_BreakCallback                  0x08002d39   Thumb Code     2  stm32f4xx_hal_tim_ex.o(.text.HAL_TIMEx_BreakCallback)
    HAL_TIMEx_CommutCallback                 0x08002d3b   Thumb Code     2  stm32f4xx_hal_tim_ex.o(.text.HAL_TIMEx_CommutCallback)
    HAL_TIMEx_MasterConfigSynchronization    0x08002d3d   Thumb Code   128  stm32f4xx_hal_tim_ex.o(.text.HAL_TIMEx_MasterConfigSynchronization)
    HAL_TIM_Base_Init                        0x08002dbd   Thumb Code    30  stm32f4xx_hal_tim.o(.text.HAL_TIM_Base_Init)
    HAL_TIM_Base_MspInit                     0x08002ddd   Thumb Code   104  tim.o(.text.HAL_TIM_Base_MspInit)
    HAL_TIM_Base_Start_IT                    0x08002e45   Thumb Code    32  stm32f4xx_hal_tim.o(.text.HAL_TIM_Base_Start_IT)
    HAL_TIM_ConfigClockSource                0x08002e65   Thumb Code   174  stm32f4xx_hal_tim.o(.text.HAL_TIM_ConfigClockSource)
    HAL_TIM_IC_CaptureCallback               0x08002f13   Thumb Code     2  stm32f4xx_hal_tim.o(.text.HAL_TIM_IC_CaptureCallback)
    HAL_TIM_IRQHandler                       0x08002f15   Thumb Code   310  stm32f4xx_hal_tim.o(.text.HAL_TIM_IRQHandler)
    HAL_TIM_OC_DelayElapsedCallback          0x0800304b   Thumb Code     2  stm32f4xx_hal_tim.o(.text.HAL_TIM_OC_DelayElapsedCallback)
    HAL_TIM_PWM_PulseFinishedCallback        0x0800304d   Thumb Code     2  stm32f4xx_hal_tim.o(.text.HAL_TIM_PWM_PulseFinishedCallback)
    HAL_TIM_PeriodElapsedCallback            0x08003051   Thumb Code    56  miscellaneous.o(.text.HAL_TIM_PeriodElapsedCallback)
    HAL_TIM_TriggerCallback                  0x08003089   Thumb Code     2  stm32f4xx_hal_tim.o(.text.HAL_TIM_TriggerCallback)
    HAL_UART_Init                            0x0800308b   Thumb Code    42  stm32f4xx_hal_uart.o(.text.HAL_UART_Init)
    HAL_UART_MspInit                         0x080030b5   Thumb Code   108  usart.o(.text.HAL_UART_MspInit)
    HAL_UART_Transmit                        0x08003121   Thumb Code   166  stm32f4xx_hal_uart.o(.text.HAL_UART_Transmit)
    HardFault_Handler                        0x080031c7   Thumb Code     2  stm32f4xx_it.o(.text.HardFault_Handler)
    ILI9341_Draw_Colour_Burst                0x080031c9   Thumb Code   148  ili9341_stm32_driver.o(.text.ILI9341_Draw_Colour_Burst)
    ILI9341_Draw_Image                       0x0800325d   Thumb Code   332  ili9341_gfx.o(.text.ILI9341_Draw_Image)
    ILI9341_Fill_Screen                      0x080033a9   Thumb Code    36  ili9341_stm32_driver.o(.text.ILI9341_Fill_Screen)
    ILI9341_Init                             0x080033cd   Thumb Code   380  ili9341_stm32_driver.o(.text.ILI9341_Init)
    ILI9341_Reset                            0x08003549   Thumb Code    36  ili9341_stm32_driver.o(.text.ILI9341_Reset)
    ILI9341_SPI_Send                         0x0800356d   Thumb Code    36  ili9341_stm32_driver.o(.text.ILI9341_SPI_Send)
    ILI9341_Set_Address                      0x08003591   Thumb Code    80  ili9341_stm32_driver.o(.text.ILI9341_Set_Address)
    ILI9341_Set_Rotation                     0x080035e1   Thumb Code    80  ili9341_stm32_driver.o(.text.ILI9341_Set_Rotation)
    ILI9341_Write_Command                    0x08003631   Thumb Code    28  ili9341_stm32_driver.o(.text.ILI9341_Write_Command)
    ILI9341_Write_Data                       0x0800364d   Thumb Code    24  ili9341_stm32_driver.o(.text.ILI9341_Write_Data)
    LL_GPIO_Init                             0x0800367d   Thumb Code   212  stm32f4xx_ll_gpio.o(.text.LL_GPIO_Init)
    Lcd_SetXY                                0x08003751   Thumb Code    44  lcd.o(.text.Lcd_SetXY)
    Lcd_WriteData                            0x0800377d   Thumb Code    28  lcd.o(.text.Lcd_WriteData)
    Lcd_WriteData_16Bit                      0x08003799   Thumb Code    20  lcd.o(.text.Lcd_WriteData_16Bit)
    Lcd_WriteIndex                           0x080037ad   Thumb Code    32  lcd.o(.text.Lcd_WriteIndex)
    MX_ADC1_Init                             0x080037cd   Thumb Code    96  adc.o(.text.MX_ADC1_Init)
    MX_DMA_Init                              0x0800382d   Thumb Code    52  dma.o(.text.MX_DMA_Init)
    MX_FATFS_Init                            0x08003861   Thumb Code    24  fatfs.o(.text.MX_FATFS_Init)
    MX_GPIO_Init                             0x08003879   Thumb Code   268  gpio.o(.text.MX_GPIO_Init)
    MX_RTC_Init                              0x08003985   Thumb Code   116  rtc.o(.text.MX_RTC_Init)
    MX_SDIO_SD_Init                          0x080039f9   Thumb Code    24  sdio.o(.text.MX_SDIO_SD_Init)
    MX_SPI1_Init                             0x08003a11   Thumb Code    72  spi.o(.text.MX_SPI1_Init)
    MX_TIM2_Init                             0x08003a59   Thumb Code    92  tim.o(.text.MX_TIM2_Init)
    MX_TIM3_Init                             0x08003ab5   Thumb Code    92  tim.o(.text.MX_TIM3_Init)
    MX_USART1_UART_Init                      0x08003b11   Thumb Code    56  usart.o(.text.MX_USART1_UART_Init)
    MatrixKeyboardScanning                   0x08003b49   Thumb Code   472  matrixkeyboard.o(.text.MatrixKeyboardScanning)
    MemManage_Handler                        0x08003d21   Thumb Code     2  stm32f4xx_it.o(.text.MemManage_Handler)
    NMI_Handler                              0x08003d23   Thumb Code     6  stm32f4xx_it.o(.text.NMI_Handler)
    PendSV_Handler                           0x0800413d   Thumb Code     2  stm32f4xx_it.o(.text.PendSV_Handler)
    R1C1Fuction                              0x08004141   Thumb Code   232  matrixkeyboard.o(.text.R1C1Fuction)
    R1C2Fuction                              0x08004229   Thumb Code    52  matrixkeyboard.o(.text.R1C2Fuction)
    R1C3Fuction                              0x0800425d   Thumb Code    60  matrixkeyboard.o(.text.R1C3Fuction)
    RTC_ByteToBcd2                           0x08004299   Thumb Code    36  stm32f4xx_hal_rtc.o(.text.RTC_ByteToBcd2)
    RTC_EnterInitMode                        0x080042bd   Thumb Code    50  stm32f4xx_hal_rtc.o(.text.RTC_EnterInitMode)
    SDIO_ConfigData                          0x080042ef   Thumb Code    36  stm32f4xx_ll_sdmmc.o(.text.SDIO_ConfigData)
    SDIO_GetPowerState                       0x08004313   Thumb Code     8  stm32f4xx_ll_sdmmc.o(.text.SDIO_GetPowerState)
    SDIO_GetResponse                         0x0800431b   Thumb Code     6  stm32f4xx_ll_sdmmc.o(.text.SDIO_GetResponse)
    SDIO_Init                                0x08004321   Thumb Code    34  stm32f4xx_ll_sdmmc.o(.text.SDIO_Init)
    SDIO_PowerState_ON                       0x08004343   Thumb Code    16  stm32f4xx_ll_sdmmc.o(.text.SDIO_PowerState_ON)
    SDIO_ReadFIFO                            0x08004353   Thumb Code     6  stm32f4xx_ll_sdmmc.o(.text.SDIO_ReadFIFO)
    SDIO_SendCommand                         0x08004359   Thumb Code    32  stm32f4xx_ll_sdmmc.o(.text.SDIO_SendCommand)
    SDIO_WriteFIFO                           0x08004379   Thumb Code    10  stm32f4xx_ll_sdmmc.o(.text.SDIO_WriteFIFO)
    SDMMC_CmdAppCommand                      0x08004383   Thumb Code    48  stm32f4xx_ll_sdmmc.o(.text.SDMMC_CmdAppCommand)
    SDMMC_CmdAppOperCommand                  0x080043b5   Thumb Code    52  stm32f4xx_ll_sdmmc.o(.text.SDMMC_CmdAppOperCommand)
    SDMMC_CmdBlockLength                     0x080043e9   Thumb Code    48  stm32f4xx_ll_sdmmc.o(.text.SDMMC_CmdBlockLength)
    SDMMC_CmdBusWidth                        0x08004419   Thumb Code    48  stm32f4xx_ll_sdmmc.o(.text.SDMMC_CmdBusWidth)
    SDMMC_CmdGoIdleState                     0x08004449   Thumb Code    60  stm32f4xx_ll_sdmmc.o(.text.SDMMC_CmdGoIdleState)
    SDMMC_CmdOperCond                        0x08004485   Thumb Code   104  stm32f4xx_ll_sdmmc.o(.text.SDMMC_CmdOperCond)
    SDMMC_CmdReadMultiBlock                  0x080044ed   Thumb Code    48  stm32f4xx_ll_sdmmc.o(.text.SDMMC_CmdReadMultiBlock)
    SDMMC_CmdReadSingleBlock                 0x0800451d   Thumb Code    48  stm32f4xx_ll_sdmmc.o(.text.SDMMC_CmdReadSingleBlock)
    SDMMC_CmdSelDesel                        0x0800454d   Thumb Code    48  stm32f4xx_ll_sdmmc.o(.text.SDMMC_CmdSelDesel)
    SDMMC_CmdSendCID                         0x0800457d   Thumb Code    42  stm32f4xx_ll_sdmmc.o(.text.SDMMC_CmdSendCID)
    SDMMC_CmdSendCSD                         0x080045a7   Thumb Code    42  stm32f4xx_ll_sdmmc.o(.text.SDMMC_CmdSendCSD)
    SDMMC_CmdSendSCR                         0x080045d1   Thumb Code    46  stm32f4xx_ll_sdmmc.o(.text.SDMMC_CmdSendSCR)
    SDMMC_CmdSendStatus                      0x080045ff   Thumb Code    48  stm32f4xx_ll_sdmmc.o(.text.SDMMC_CmdSendStatus)
    SDMMC_CmdSetRelAdd                       0x08004631   Thumb Code   152  stm32f4xx_ll_sdmmc.o(.text.SDMMC_CmdSetRelAdd)
    SDMMC_CmdStopTransfer                    0x080046c9   Thumb Code    48  stm32f4xx_ll_sdmmc.o(.text.SDMMC_CmdStopTransfer)
    SDMMC_CmdWriteMultiBlock                 0x080046f9   Thumb Code    48  stm32f4xx_ll_sdmmc.o(.text.SDMMC_CmdWriteMultiBlock)
    SDMMC_CmdWriteSingleBlock                0x08004729   Thumb Code    48  stm32f4xx_ll_sdmmc.o(.text.SDMMC_CmdWriteSingleBlock)
    SD_initialize                            0x080049e5   Thumb Code    24  sd_diskio.o(.text.SD_initialize)
    SD_ioctl                                 0x080049fd   Thumb Code    80  sd_diskio.o(.text.SD_ioctl)
    SD_read                                  0x08004a4d   Thumb Code    34  sd_diskio.o(.text.SD_read)
    SD_status                                0x08004a6f   Thumb Code     4  sd_diskio.o(.text.SD_status)
    SD_write                                 0x08004a73   Thumb Code    34  sd_diskio.o(.text.SD_write)
    SPI_WriteByte                            0x08004bd9   Thumb Code    28  lcd.o(.text.SPI_WriteByte)
    SVC_Handler                              0x08004bf5   Thumb Code     2  stm32f4xx_it.o(.text.SVC_Handler)
    ShowDateBuffer                           0x08004bf9   Thumb Code   144  rtctime.o(.text.ShowDateBuffer)
    ShowTimeBuffer                           0x08004c89   Thumb Code   112  rtctime.o(.text.ShowTimeBuffer)
    Show_Pic                                 0x08004cf9   Thumb Code   256  picture.o(.text.Show_Pic)
    SysTick_Handler                          0x08004df9   Thumb Code     4  stm32f4xx_it.o(.text.SysTick_Handler)
    SystemClock_Config                       0x08004dfd   Thumb Code   208  main.o(.text.SystemClock_Config)
    SystemInit                               0x08004ecd   Thumb Code    28  system_stm32f4xx.o(.text.SystemInit)
    TIM2_IRQHandler                          0x08004ee9   Thumb Code    12  stm32f4xx_it.o(.text.TIM2_IRQHandler)
    TIM3_IRQHandler                          0x08004ef5   Thumb Code    12  stm32f4xx_it.o(.text.TIM3_IRQHandler)
    TIM_Base_SetConfig                       0x08004f01   Thumb Code   212  stm32f4xx_hal_tim.o(.text.TIM_Base_SetConfig)
    TP_Read                                  0x08005019   Thumb Code    60  ili9341_touchscreen.o(.text.TP_Read)
    TP_Read_Coordinates                      0x08005059   Thumb Code   240  ili9341_touchscreen.o(.text.TP_Read_Coordinates)
    TP_Touchpad_Pressed                      0x08005149   Thumb Code    20  ili9341_touchscreen.o(.text.TP_Touchpad_Pressed)
    TP_Write                                 0x0800515d   Thumb Code    68  ili9341_touchscreen.o(.text.TP_Write)
    UsageFault_Handler                       0x080052b3   Thumb Code     2  stm32f4xx_it.o(.text.UsageFault_Handler)
    UserInit                                 0x080052b5   Thumb Code  1280  usermain.o(.text.UserInit)
    UserMain                                 0x080057b5   Thumb Code   352  usermain.o(.text.UserMain)
    disk_initialize                          0x08006215   Thumb Code    32  diskio.o(.text.disk_initialize)
    disk_ioctl                               0x08006235   Thumb Code    28  diskio.o(.text.disk_ioctl)
    disk_read                                0x08006251   Thumb Code    28  diskio.o(.text.disk_read)
    disk_status                              0x0800626d   Thumb Code    20  diskio.o(.text.disk_status)
    disk_write                               0x08006281   Thumb Code    32  diskio.o(.text.disk_write)
    f_close                                  0x080062a1   Thumb Code    40  ff.o(.text.f_close)
    f_gets                                   0x080062c9   Thumb Code    86  ff.o(.text.f_gets)
    f_lseek                                  0x0800631f   Thumb Code   548  ff.o(.text.f_lseek)
    f_mount                                  0x08006545   Thumb Code    80  ff.o(.text.f_mount)
    f_open                                   0x08006595   Thumb Code   568  ff.o(.text.f_open)
    f_read                                   0x080067cd   Thumb Code   360  ff.o(.text.f_read)
    f_sync                                   0x08006935   Thumb Code   134  ff.o(.text.f_sync)
    f_unlink                                 0x080069bb   Thumb Code   158  ff.o(.text.f_unlink)
    f_write                                  0x08006a59   Thumb Code   404  ff.o(.text.f_write)
    ff_convert                               0x08006bed   Thumb Code    64  ccsbcs.o(.text.ff_convert)
    ff_wtoupper                              0x08006c2d   Thumb Code   128  ccsbcs.o(.text.ff_wtoupper)
    fputc                                    0x0800720d   Thumb Code    32  miscellaneous.o(.text.fputc)
    get_fattime                              0x080072f5   Thumb Code     4  fatfs.o(.text.get_fattime)
    main                                     0x080073c1   Thumb Code    58  main.o(.text.main)
    __0printf                                0x080076d1   Thumb Code    22  printfa.o(i.__0printf)
    __1printf                                0x080076d1   Thumb Code     0  printfa.o(i.__0printf)
    __2printf                                0x080076d1   Thumb Code     0  printfa.o(i.__0printf)
    __c89printf                              0x080076d1   Thumb Code     0  printfa.o(i.__0printf)
    printf                                   0x080076d1   Thumb Code     0  printfa.o(i.__0printf)
    __0sprintf                               0x080076f1   Thumb Code    34  printfa.o(i.__0sprintf)
    __1sprintf                               0x080076f1   Thumb Code     0  printfa.o(i.__0sprintf)
    __2sprintf                               0x080076f1   Thumb Code     0  printfa.o(i.__0sprintf)
    __c89sprintf                             0x080076f1   Thumb Code     0  printfa.o(i.__0sprintf)
    sprintf                                  0x080076f1   Thumb Code     0  printfa.o(i.__0sprintf)
    __scatterload_copy                       0x08007719   Thumb Code    14  handlers.o(i.__scatterload_copy)
    __scatterload_null                       0x08007727   Thumb Code     2  handlers.o(i.__scatterload_null)
    __scatterload_zeroinit                   0x08007729   Thumb Code    14  handlers.o(i.__scatterload_zeroinit)
    puts                                     0x08007ff5   Thumb Code    30  puts.o(i.puts)
    AHBPrescTable                            0x08008018   Data          16  system_stm32f4xx.o(.rodata.AHBPrescTable)
    APBPrescTable                            0x08008028   Data           8  system_stm32f4xx.o(.rodata.APBPrescTable)
    SD_Driver                                0x080080c0   Data          20  sd_diskio.o(.rodata.SD_Driver)
    asc16                                    0x080081d4   Data        1521  gui.o(.rodata.asc16)
    hz24                                     0x080087c5   Data          74  gui.o(.rodata.hz24)
    Region$$Table$$Base                      0x08008e9c   Number         0  anon$$obj.o(Region$$Table)
    Region$$Table$$Limit                     0x08008ebc   Number         0  anon$$obj.o(Region$$Table)
    __stdout                                 0x20000000   Data           4  stdout.o(.data)
    uwTickPrio                               0x20000004   Data           4  stm32f4xx_hal.o(.data..L_MergedGlobals)
    uwTickFreq                               0x20000008   Data           4  stm32f4xx_hal.o(.data..L_MergedGlobals)
    LCD_HEIGHT                               0x2000000c   Data           2  ili9341_stm32_driver.o(.data..L_MergedGlobals)
    LCD_WIDTH                                0x2000000e   Data           2  ili9341_stm32_driver.o(.data..L_MergedGlobals)
    PicNum                                   0x20000010   Data           4  matrixkeyboard.o(.data.PicNum)
    SystemCoreClock                          0x20000018   Data           4  system_stm32f4xx.o(.data.SystemCoreClock)
    EnableBuzzerFlag                         0x20000020   Data           1  usermain.o(.bss..L_MergedGlobals)
    EnableShowRtcFlag                        0x20000021   Data           1  usermain.o(.bss..L_MergedGlobals)
    EnableShowBPRateFlag                     0x20000022   Data           1  usermain.o(.bss..L_MergedGlobals)
    EnableShowPicFlag                        0x20000023   Data           1  usermain.o(.bss..L_MergedGlobals)
    fr                                       0x20000024   Data           4  usermain.o(.bss..L_MergedGlobals)
    date                                     0x20000028   Data           4  usermain.o(.bss..L_MergedGlobals)
    time                                     0x2000002c   Data          20  usermain.o(.bss..L_MergedGlobals)
    buffer                                   0x20000040   Data          28  usermain.o(.bss..L_MergedGlobals)
    retSD                                    0x2000005c   Data           1  fatfs.o(.bss..L_MergedGlobals)
    SDPath                                   0x2000005d   Data           4  fatfs.o(.bss..L_MergedGlobals)
    FrameBuffer                              0x20000090   Data         960  picture.o(.bss.FrameBuffer)
    KeyFlag                                  0x20000450   Data           4  matrixkeyboard.o(.bss.KeyFlag)
    disk                                     0x20000454   Data          12  ff_gen_drv.o(.bss.disk)
    fd                                       0x20000460   Data        4144  usermain.o(.bss.fd)
    fs                                       0x20001490   Data        4152  usermain.o(.bss.fs)
    hadc1                                    0x200024c8   Data          72  adc.o(.bss.hadc1)
    hdma_spi1_tx                             0x20002510   Data         100  spi.o(.bss.hdma_spi1_tx)
    hrtc                                     0x20002574   Data          36  rtc.o(.bss.hrtc)
    hsd                                      0x20002598   Data         132  sdio.o(.bss.hsd)
    hspi1                                    0x2000261c   Data          92  spi.o(.bss.hspi1)
    htim2                                    0x20002678   Data          68  tim.o(.bss.htim2)
    htim3                                    0x200026bc   Data          68  tim.o(.bss.htim3)
    huart1                                   0x20002700   Data          72  usart.o(.bss.huart1)
    uwTick                                   0x20002748   Data           4  stm32f4xx_hal.o(.bss.uwTick)
    __initial_sp                             0x20002f50   Data           0  startup_stm32f407xx.o(STACK)



==============================================================================

Memory Map of the image

  Image Entry point : 0x08000189

  Load Region LR_IROM1 (Base: 0x08000000, Size: 0x00008ee0, Max: 0x00100000, ABSOLUTE)

    Execution Region ER_IROM1 (Exec base: 0x08000000, Load base: 0x08000000, Size: 0x00008ebc, Max: 0x00100000, ABSOLUTE)

    Exec Addr    Load Addr    Size         Type   Attr      Idx    E Section Name        Object

    0x08000000   0x08000000   0x00000188   Data   RO            3    RESET               startup_stm32f407xx.o
    0x08000188   0x08000188   0x00000000   Code   RO         2604  * .ARM.Collect$$$$00000000  mc_w.l(entry.o)
    0x08000188   0x08000188   0x00000004   Code   RO         2898    .ARM.Collect$$$$00000001  mc_w.l(entry2.o)
    0x0800018c   0x0800018c   0x00000004   Code   RO         2901    .ARM.Collect$$$$00000004  mc_w.l(entry5.o)
    0x08000190   0x08000190   0x00000000   Code   RO         2903    .ARM.Collect$$$$00000008  mc_w.l(entry7b.o)
    0x08000190   0x08000190   0x00000000   Code   RO         2905    .ARM.Collect$$$$0000000A  mc_w.l(entry8b.o)
    0x08000190   0x08000190   0x00000008   Code   RO         2906    .ARM.Collect$$$$0000000B  mc_w.l(entry9a.o)
    0x08000198   0x08000198   0x00000000   Code   RO         2908    .ARM.Collect$$$$0000000D  mc_w.l(entry10a.o)
    0x08000198   0x08000198   0x00000000   Code   RO         2910    .ARM.Collect$$$$0000000F  mc_w.l(entry11a.o)
    0x08000198   0x08000198   0x00000004   Code   RO         2899    .ARM.Collect$$$$00002712  mc_w.l(entry2.o)
    0x0800019c   0x0800019c   0x00000024   Code   RO            4    .text               startup_stm32f407xx.o
    0x080001c0   0x080001c0   0x00000062   Code   RO         2611    .text               mc_w.l(uldiv.o)
    0x08000222   0x08000222   0x00000024   Code   RO         2613    .text               mc_w.l(memcpya.o)
    0x08000246   0x08000246   0x00000024   Code   RO         2615    .text               mc_w.l(memseta.o)
    0x0800026a   0x0800026a   0x0000014e   Code   RO         2880    .text               mf_w.l(dadd.o)
    0x080003b8   0x080003b8   0x000000e4   Code   RO         2882    .text               mf_w.l(dmul.o)
    0x0800049c   0x0800049c   0x000000de   Code   RO         2884    .text               mf_w.l(ddiv.o)
    0x0800057a   0x0800057a   0x00000022   Code   RO         2886    .text               mf_w.l(dflti.o)
    0x0800059c   0x0800059c   0x0000001a   Code   RO         2888    .text               mf_w.l(dfltui.o)
    0x080005b6   0x080005b6   0x0000003e   Code   RO         2890    .text               mf_w.l(dfixi.o)
    0x080005f4   0x080005f4   0x00000032   Code   RO         2892    .text               mf_w.l(dfixui.o)
    0x08000626   0x08000626   0x00000026   Code   RO         2894    .text               mf_w.l(f2d.o)
    0x0800064c   0x0800064c   0x00000038   Code   RO         2896    .text               mf_w.l(d2f.o)
    0x08000684   0x08000684   0x0000002c   Code   RO         2922    .text               mc_w.l(uidiv.o)
    0x080006b0   0x080006b0   0x0000001e   Code   RO         2924    .text               mc_w.l(llshl.o)
    0x080006ce   0x080006ce   0x00000020   Code   RO         2926    .text               mc_w.l(llushr.o)
    0x080006ee   0x080006ee   0x00000024   Code   RO         2928    .text               mc_w.l(llsshr.o)
    0x08000712   0x08000712   0x00000000   Code   RO         2930    .text               mc_w.l(iusefp.o)
    0x08000712   0x08000712   0x0000006e   Code   RO         2931    .text               mf_w.l(fepilogue.o)
    0x08000780   0x08000780   0x000000ba   Code   RO         2933    .text               mf_w.l(depilogue.o)
    0x0800083a   0x0800083a   0x00000030   Code   RO         2935    .text               mf_w.l(dfixul.o)
    0x0800086a   0x0800086a   0x00000002   PAD
    0x0800086c   0x0800086c   0x00000030   Code   RO         2937    .text               mf_w.l(cdrcmple.o)
    0x0800089c   0x0800089c   0x00000024   Code   RO         2939    .text               mc_w.l(init.o)
    0x080008c0   0x080008c0   0x00000018   Code   RO         2377    .text.BSP_PlatformIsDetected  fatfs_platform.o
    0x080008d8   0x080008d8   0x00000008   Code   RO         2333    .text.BSP_SD_GetCardInfo  bsp_driver_sd.o
    0x080008e0   0x080008e0   0x00000010   Code   RO         2331    .text.BSP_SD_GetCardState  bsp_driver_sd.o
    0x080008f0   0x080008f0   0x00000030   Code   RO         2313    .text.BSP_SD_Init   bsp_driver_sd.o
    0x08000920   0x08000920   0x0000001a   Code   RO         2315    .text.BSP_SD_IsDetected  bsp_driver_sd.o
    0x0800093a   0x0800093a   0x00000002   PAD
    0x0800093c   0x0800093c   0x0000001c   Code   RO         2321    .text.BSP_SD_ReadBlocks  bsp_driver_sd.o
    0x08000958   0x08000958   0x00000020   Code   RO         2323    .text.BSP_SD_WriteBlocks  bsp_driver_sd.o
    0x08000978   0x08000978   0x00000002   Code   RO          148    .text.BusFault_Handler  stm32f4xx_it.o
    0x0800097a   0x0800097a   0x00000032   Code   RO         2298    .text.Char2Hex      picture.o
    0x080009ac   0x080009ac   0x00000038   Code   RO         2188    .text.ClearReaginSet  gui.o
    0x080009e4   0x080009e4   0x0000000c   Code   RO          164    .text.DMA2_Stream3_IRQHandler  stm32f4xx_it.o
    0x080009f0   0x080009f0   0x00000034   Code   RO          519    .text.DMA_CalcBaseAndBitshift  stm32f4xx_hal_dma.o
    0x08000a24   0x08000a24   0x00000022   Code   RO          525    .text.DMA_SetConfig  stm32f4xx_hal_dma.o
    0x08000a46   0x08000a46   0x00000002   Code   RO          154    .text.DebugMon_Handler  stm32f4xx_it.o
    0x08000a48   0x08000a48   0x00000074   Code   RO         2170    .text.DisplayButtonDown  gui.o
    0x08000abc   0x08000abc   0x0000007c   Code   RO         2172    .text.DisplayButtonUp  gui.o
    0x08000b38   0x08000b38   0x00000008   Code   RO           15    .text.Error_Handler  main.o
    0x08000b40   0x08000b40   0x00000006   Code   RO         2573    .text.FATFS_LinkDriver  ff_gen_drv.o
    0x08000b46   0x08000b46   0x00000002   PAD
    0x08000b48   0x08000b48   0x0000003c   Code   RO         2571    .text.FATFS_LinkDriverEx  ff_gen_drv.o
    0x08000b84   0x08000b84   0x00000004   PAD
    0x08000b88   0x08000b88   0x00000190   Code   RO         2223    .text.GetBatteryPowerRate  batadc.o
    0x08000d18   0x08000d18   0x00000184   Code   RO         2176    .text.Gui_DrawFont_GBK24  gui.o
    0x08000e9c   0x08000e9c   0x000000b0   Code   RO         2164    .text.Gui_DrawLine  gui.o
    0x08000f4c   0x08000f4c   0x00000012   Code   RO         2148    .text.Gui_DrawPoint  lcd.o
    0x08000f5e   0x08000f5e   0x00000002   PAD
    0x08000f60   0x08000f60   0x000000e4   Code   RO          277    .text.HAL_ADC_ConfigChannel  stm32f4xx_hal_adc.o
    0x08001044   0x08001044   0x00000004   Code   RO          281    .text.HAL_ADC_GetState  stm32f4xx_hal_adc.o
    0x08001048   0x08001048   0x00000006   Code   RO          273    .text.HAL_ADC_GetValue  stm32f4xx_hal_adc.o
    0x0800104e   0x0800104e   0x00000002   PAD
    0x08001050   0x08001050   0x0000013c   Code   RO          235    .text.HAL_ADC_Init  stm32f4xx_hal_adc.o
    0x0800118c   0x0800118c   0x00000060   Code   RO           39    .text.HAL_ADC_MspInit  adc.o
    0x080011ec   0x080011ec   0x0000008c   Code   RO          247    .text.HAL_ADC_PollForConversion  stm32f4xx_hal_adc.o
    0x08001278   0x08001278   0x000000dc   Code   RO          243    .text.HAL_ADC_Start  stm32f4xx_hal_adc.o
    0x08001354   0x08001354   0x00000160   Code   RO          535    .text.HAL_DMA_IRQHandler  stm32f4xx_hal_dma.o
    0x080014b4   0x080014b4   0x00000104   Code   RO          517    .text.HAL_DMA_Init  stm32f4xx_hal_dma.o
    0x080015b8   0x080015b8   0x00000058   Code   RO          527    .text.HAL_DMA_Start_IT  stm32f4xx_hal_dma.o
    0x08001610   0x08001610   0x00000020   Code   RO          685    .text.HAL_Delay     stm32f4xx_hal.o
    0x08001630   0x08001630   0x00000198   Code   RO          471    .text.HAL_GPIO_Init  stm32f4xx_hal_gpio.o
    0x080017c8   0x080017c8   0x0000000a   Code   RO          475    .text.HAL_GPIO_ReadPin  stm32f4xx_hal_gpio.o
    0x080017d2   0x080017d2   0x0000000a   Code   RO          477    .text.HAL_GPIO_WritePin  stm32f4xx_hal_gpio.o
    0x080017dc   0x080017dc   0x00000008   Code   RO          677    .text.HAL_GetTick   stm32f4xx_hal.o
    0x080017e4   0x080017e4   0x00000014   Code   RO          675    .text.HAL_IncTick   stm32f4xx_hal.o
    0x080017f8   0x080017f8   0x00000034   Code   RO          665    .text.HAL_Init      stm32f4xx_hal.o
    0x0800182c   0x0800182c   0x0000003c   Code   RO          667    .text.HAL_InitTick  stm32f4xx_hal.o
    0x08001868   0x08001868   0x0000003c   Code   RO          173    .text.HAL_MspInit   stm32f4xx_hal_msp.o
    0x080018a4   0x080018a4   0x00000018   Code   RO          619    .text.HAL_NVIC_EnableIRQ  stm32f4xx_hal_cortex.o
    0x080018bc   0x080018bc   0x0000004c   Code   RO          617    .text.HAL_NVIC_SetPriority  stm32f4xx_hal_cortex.o
    0x08001908   0x08001908   0x00000020   Code   RO          615    .text.HAL_NVIC_SetPriorityGrouping  stm32f4xx_hal_cortex.o
    0x08001928   0x08001928   0x0000010c   Code   RO          381    .text.HAL_RCCEx_PeriphCLKConfig  stm32f4xx_hal_rcc_ex.o
    0x08001a34   0x08001a34   0x00000002   Code   RO          367    .text.HAL_RCC_CSSCallback  stm32f4xx_hal_rcc.o
    0x08001a36   0x08001a36   0x00000002   PAD
    0x08001a38   0x08001a38   0x00000114   Code   RO          345    .text.HAL_RCC_ClockConfig  stm32f4xx_hal_rcc.o
    0x08001b4c   0x08001b4c   0x0000000c   Code   RO          351    .text.HAL_RCC_EnableCSS  stm32f4xx_hal_rcc.o
    0x08001b58   0x08001b58   0x00000014   Code   RO          357    .text.HAL_RCC_GetPCLK1Freq  stm32f4xx_hal_rcc.o
    0x08001b6c   0x08001b6c   0x00000020   Code   RO          359    .text.HAL_RCC_GetPCLK2Freq  stm32f4xx_hal_rcc.o
    0x08001b8c   0x08001b8c   0x0000005c   Code   RO          347    .text.HAL_RCC_GetSysClockFreq  stm32f4xx_hal_rcc.o
    0x08001be8   0x08001be8   0x00000018   Code   RO          365    .text.HAL_RCC_NMI_IRQHandler  stm32f4xx_hal_rcc.o
    0x08001c00   0x08001c00   0x00000318   Code   RO          343    .text.HAL_RCC_OscConfig  stm32f4xx_hal_rcc.o
    0x08001f18   0x08001f18   0x0000000a   Code   RO          951    .text.HAL_RTCEx_BKUPWrite  stm32f4xx_hal_rtc_ex.o
    0x08001f22   0x08001f22   0x00000056   Code   RO          859    .text.HAL_RTC_GetDate  stm32f4xx_hal_rtc.o
    0x08001f78   0x08001f78   0x00000066   Code   RO          853    .text.HAL_RTC_GetTime  stm32f4xx_hal_rtc.o
    0x08001fde   0x08001fde   0x00000002   PAD
    0x08001fe0   0x08001fe0   0x00000078   Code   RO          837    .text.HAL_RTC_Init  stm32f4xx_hal_rtc.o
    0x08002058   0x08002058   0x0000001c   Code   RO           63    .text.HAL_RTC_MspInit  rtc.o
    0x08002074   0x08002074   0x00000094   Code   RO          857    .text.HAL_RTC_SetDate  stm32f4xx_hal_rtc.o
    0x08002108   0x08002108   0x000000b4   Code   RO          849    .text.HAL_RTC_SetTime  stm32f4xx_hal_rtc.o
    0x080021bc   0x080021bc   0x0000002e   Code   RO          843    .text.HAL_RTC_WaitForSynchro  stm32f4xx_hal_rtc.o
    0x080021ea   0x080021ea   0x00000002   PAD
    0x080021ec   0x080021ec   0x000000d0   Code   RO         1169    .text.HAL_SD_ConfigWideBusOperation  stm32f4xx_hal_sd.o
    0x080022bc   0x080022bc   0x00000170   Code   RO         1163    .text.HAL_SD_GetCardCSD  stm32f4xx_hal_sd.o
    0x0800242c   0x0800242c   0x00000020   Code   RO         1167    .text.HAL_SD_GetCardInfo  stm32f4xx_hal_sd.o
    0x0800244c   0x0800244c   0x00000024   Code   RO         1171    .text.HAL_SD_GetCardState  stm32f4xx_hal_sd.o
    0x08002470   0x08002470   0x00000036   Code   RO         1113    .text.HAL_SD_Init   stm32f4xx_hal_sd.o
    0x080024a6   0x080024a6   0x00000002   PAD
    0x080024a8   0x080024a8   0x000001b0   Code   RO         1117    .text.HAL_SD_InitCard  stm32f4xx_hal_sd.o
    0x08002658   0x08002658   0x000000a4   Code   RO           78    .text.HAL_SD_MspInit  sdio.o
    0x080026fc   0x080026fc   0x000001c0   Code   RO         1123    .text.HAL_SD_ReadBlocks  stm32f4xx_hal_sd.o
    0x080028bc   0x080028bc   0x00000194   Code   RO         1125    .text.HAL_SD_WriteBlocks  stm32f4xx_hal_sd.o
    0x08002a50   0x08002a50   0x00000002   Code   RO         1319    .text.HAL_SPI_ErrorCallback  stm32f4xx_hal_spi.o
    0x08002a52   0x08002a52   0x00000004   Code   RO         1333    .text.HAL_SPI_GetState  stm32f4xx_hal_spi.o
    0x08002a56   0x08002a56   0x00000070   Code   RO         1235    .text.HAL_SPI_Init  stm32f4xx_hal_spi.o
    0x08002ac6   0x08002ac6   0x00000002   PAD
    0x08002ac8   0x08002ac8   0x000000a4   Code   RO           93    .text.HAL_SPI_MspInit  spi.o
    0x08002b6c   0x08002b6c   0x0000010e   Code   RO         1243    .text.HAL_SPI_Transmit  stm32f4xx_hal_spi.o
    0x08002c7a   0x08002c7a   0x00000002   PAD
    0x08002c7c   0x08002c7c   0x00000090   Code   RO         1275    .text.HAL_SPI_Transmit_DMA  stm32f4xx_hal_spi.o
    0x08002d0c   0x08002d0c   0x00000002   Code   RO         1321    .text.HAL_SPI_TxCpltCallback  stm32f4xx_hal_spi.o
    0x08002d0e   0x08002d0e   0x00000002   Code   RO         1327    .text.HAL_SPI_TxHalfCpltCallback  stm32f4xx_hal_spi.o
    0x08002d10   0x08002d10   0x00000028   Code   RO          627    .text.HAL_SYSTICK_Config  stm32f4xx_hal_cortex.o
    0x08002d38   0x08002d38   0x00000002   Code   RO         1823    .text.HAL_TIMEx_BreakCallback  stm32f4xx_hal_tim_ex.o
    0x08002d3a   0x08002d3a   0x00000002   Code   RO         1819    .text.HAL_TIMEx_CommutCallback  stm32f4xx_hal_tim_ex.o
    0x08002d3c   0x08002d3c   0x00000080   Code   RO         1813    .text.HAL_TIMEx_MasterConfigSynchronization  stm32f4xx_hal_tim_ex.o
    0x08002dbc   0x08002dbc   0x0000001e   Code   RO         1399    .text.HAL_TIM_Base_Init  stm32f4xx_hal_tim.o
    0x08002dda   0x08002dda   0x00000002   PAD
    0x08002ddc   0x08002ddc   0x00000068   Code   RO          111    .text.HAL_TIM_Base_MspInit  tim.o
    0x08002e44   0x08002e44   0x00000020   Code   RO         1413    .text.HAL_TIM_Base_Start_IT  stm32f4xx_hal_tim.o
    0x08002e64   0x08002e64   0x000000ae   Code   RO         1583    .text.HAL_TIM_ConfigClockSource  stm32f4xx_hal_tim.o
    0x08002f12   0x08002f12   0x00000002   Code   RO         1535    .text.HAL_TIM_IC_CaptureCallback  stm32f4xx_hal_tim.o
    0x08002f14   0x08002f14   0x00000136   Code   RO         1533    .text.HAL_TIM_IRQHandler  stm32f4xx_hal_tim.o
    0x0800304a   0x0800304a   0x00000002   Code   RO         1537    .text.HAL_TIM_OC_DelayElapsedCallback  stm32f4xx_hal_tim.o
    0x0800304c   0x0800304c   0x00000002   Code   RO         1539    .text.HAL_TIM_PWM_PulseFinishedCallback  stm32f4xx_hal_tim.o
    0x0800304e   0x0800304e   0x00000002   PAD
    0x08003050   0x08003050   0x00000038   Code   RO          211    .text.HAL_TIM_PeriodElapsedCallback  miscellaneous.o
    0x08003088   0x08003088   0x00000002   Code   RO         1543    .text.HAL_TIM_TriggerCallback  stm32f4xx_hal_tim.o
    0x0800308a   0x0800308a   0x0000002a   Code   RO         1879    .text.HAL_UART_Init  stm32f4xx_hal_uart.o
    0x080030b4   0x080030b4   0x0000006c   Code   RO          129    .text.HAL_UART_MspInit  usart.o
    0x08003120   0x08003120   0x000000a6   Code   RO         1895    .text.HAL_UART_Transmit  stm32f4xx_hal_uart.o
    0x080031c6   0x080031c6   0x00000002   Code   RO          144    .text.HardFault_Handler  stm32f4xx_it.o
    0x080031c8   0x080031c8   0x00000094   Code   RO         2050    .text.ILI9341_Draw_Colour_Burst  ili9341_stm32_driver.o
    0x0800325c   0x0800325c   0x0000014c   Code   RO         2083    .text.ILI9341_Draw_Image  ili9341_gfx.o
    0x080033a8   0x080033a8   0x00000024   Code   RO         2052    .text.ILI9341_Fill_Screen  ili9341_stm32_driver.o
    0x080033cc   0x080033cc   0x0000017c   Code   RO         2046    .text.ILI9341_Init  ili9341_stm32_driver.o
    0x08003548   0x08003548   0x00000024   Code   RO         2040    .text.ILI9341_Reset  ili9341_stm32_driver.o
    0x0800356c   0x0800356c   0x00000024   Code   RO         2032    .text.ILI9341_SPI_Send  ili9341_stm32_driver.o
    0x08003590   0x08003590   0x00000050   Code   RO         2038    .text.ILI9341_Set_Address  ili9341_stm32_driver.o
    0x080035e0   0x080035e0   0x00000050   Code   RO         2042    .text.ILI9341_Set_Rotation  ili9341_stm32_driver.o
    0x08003630   0x08003630   0x0000001c   Code   RO         2034    .text.ILI9341_Write_Command  ili9341_stm32_driver.o
    0x0800364c   0x0800364c   0x00000018   Code   RO         2036    .text.ILI9341_Write_Data  ili9341_stm32_driver.o
    0x08003664   0x08003664   0x00000018   Code   RO           27    .text.LL_AHB1_GRP1_EnableClock  gpio.o
    0x0800367c   0x0800367c   0x000000d4   Code   RO          223    .text.LL_GPIO_Init  stm32f4xx_ll_gpio.o
    0x08003750   0x08003750   0x0000002c   Code   RO         2144    .text.Lcd_SetXY     lcd.o
    0x0800377c   0x0800377c   0x0000001c   Code   RO         2134    .text.Lcd_WriteData  lcd.o
    0x08003798   0x08003798   0x00000014   Code   RO         2138    .text.Lcd_WriteData_16Bit  lcd.o
    0x080037ac   0x080037ac   0x00000020   Code   RO         2132    .text.Lcd_WriteIndex  lcd.o
    0x080037cc   0x080037cc   0x00000060   Code   RO           37    .text.MX_ADC1_Init  adc.o
    0x0800382c   0x0800382c   0x00000034   Code   RO           52    .text.MX_DMA_Init   dma.o
    0x08003860   0x08003860   0x00000018   Code   RO         2386    .text.MX_FATFS_Init  fatfs.o
    0x08003878   0x08003878   0x0000010c   Code   RO           25    .text.MX_GPIO_Init  gpio.o
    0x08003984   0x08003984   0x00000074   Code   RO           61    .text.MX_RTC_Init   rtc.o
    0x080039f8   0x080039f8   0x00000018   Code   RO           76    .text.MX_SDIO_SD_Init  sdio.o
    0x08003a10   0x08003a10   0x00000048   Code   RO           91    .text.MX_SPI1_Init  spi.o
    0x08003a58   0x08003a58   0x0000005c   Code   RO          107    .text.MX_TIM2_Init  tim.o
    0x08003ab4   0x08003ab4   0x0000005c   Code   RO          109    .text.MX_TIM3_Init  tim.o
    0x08003b10   0x08003b10   0x00000038   Code   RO          127    .text.MX_USART1_UART_Init  usart.o
    0x08003b48   0x08003b48   0x000001d8   Code   RO         2235    .text.MatrixKeyboardScanning  matrixkeyboard.o
    0x08003d20   0x08003d20   0x00000002   Code   RO          146    .text.MemManage_Handler  stm32f4xx_it.o
    0x08003d22   0x08003d22   0x00000006   Code   RO          142    .text.NMI_Handler   stm32f4xx_it.o
    0x08003d28   0x08003d28   0x00000010   Code   RO          115    .text.OUTLINED_FUNCTION_0  tim.o
    0x08003d38   0x08003d38   0x0000000a   Code   RO          185    .text.OUTLINED_FUNCTION_0  usermain.o
    0x08003d42   0x08003d42   0x00000014   Code   RO          285    .text.OUTLINED_FUNCTION_0  stm32f4xx_hal_adc.o
    0x08003d56   0x08003d56   0x0000000c   Code   RO          369    .text.OUTLINED_FUNCTION_0  stm32f4xx_hal_rcc.o
    0x08003d62   0x08003d62   0x00000012   Code   RO          393    .text.OUTLINED_FUNCTION_0  stm32f4xx_hal_rcc_ex.o
    0x08003d74   0x08003d74   0x00000012   Code   RO          877    .text.OUTLINED_FUNCTION_0  stm32f4xx_hal_rtc.o
    0x08003d86   0x08003d86   0x00000006   Code   RO         1097    .text.OUTLINED_FUNCTION_0  stm32f4xx_ll_sdmmc.o
    0x08003d8c   0x08003d8c   0x0000000e   Code   RO         1179    .text.OUTLINED_FUNCTION_0  stm32f4xx_hal_sd.o
    0x08003d9a   0x08003d9a   0x00000014   Code   RO         1983    .text.OUTLINED_FUNCTION_0  stm32f4xx_hal_uart.o
    0x08003dae   0x08003dae   0x0000000c   Code   RO         2085    .text.OUTLINED_FUNCTION_0  ili9341_gfx.o
    0x08003dba   0x08003dba   0x00000008   Code   RO         2118    .text.OUTLINED_FUNCTION_0  ili9341_touchscreen.o
    0x08003dc2   0x08003dc2   0x00000010   Code   RO         2190    .text.OUTLINED_FUNCTION_0  gui.o
    0x08003dd2   0x08003dd2   0x00000008   Code   RO         2225    .text.OUTLINED_FUNCTION_0  batadc.o
    0x08003dda   0x08003dda   0x00000006   Code   RO         2271    .text.OUTLINED_FUNCTION_0  matrixkeyboard.o
    0x08003de0   0x08003de0   0x0000000a   Code   RO         2302    .text.OUTLINED_FUNCTION_0  picture.o
    0x08003dea   0x08003dea   0x0000000a   Code   RO         2530    .text.OUTLINED_FUNCTION_0  ff.o
    0x08003df4   0x08003df4   0x00000006   Code   RO          187    .text.OUTLINED_FUNCTION_1  usermain.o
    0x08003dfa   0x08003dfa   0x0000000a   Code   RO          287    .text.OUTLINED_FUNCTION_1  stm32f4xx_hal_adc.o
    0x08003e04   0x08003e04   0x0000000a   Code   RO          371    .text.OUTLINED_FUNCTION_1  stm32f4xx_hal_rcc.o
    0x08003e0e   0x08003e0e   0x0000000e   Code   RO          655    .text.OUTLINED_FUNCTION_1  stm32f4xx_hal_cortex.o
    0x08003e1c   0x08003e1c   0x00000008   Code   RO         1099    .text.OUTLINED_FUNCTION_1  stm32f4xx_ll_sdmmc.o
    0x08003e24   0x08003e24   0x00000012   Code   RO         1347    .text.OUTLINED_FUNCTION_1  stm32f4xx_hal_spi.o
    0x08003e36   0x08003e36   0x0000000a   Code   RO         2087    .text.OUTLINED_FUNCTION_1  ili9341_gfx.o
    0x08003e40   0x08003e40   0x00000008   Code   RO         2192    .text.OUTLINED_FUNCTION_1  gui.o
    0x08003e48   0x08003e48   0x0000000c   Code   RO         2273    .text.OUTLINED_FUNCTION_1  matrixkeyboard.o
    0x08003e54   0x08003e54   0x00000012   Code   RO         1199    .text.OUTLINED_FUNCTION_10  stm32f4xx_hal_sd.o
    0x08003e66   0x08003e66   0x00000014   Code   RO         1365    .text.OUTLINED_FUNCTION_10  stm32f4xx_hal_spi.o
    0x08003e7a   0x08003e7a   0x00000012   Code   RO         2003    .text.OUTLINED_FUNCTION_10  stm32f4xx_hal_uart.o
    0x08003e8c   0x08003e8c   0x00000006   Code   RO         2550    .text.OUTLINED_FUNCTION_10  ff.o
    0x08003e92   0x08003e92   0x00000006   Code   RO          899    .text.OUTLINED_FUNCTION_11  stm32f4xx_hal_rtc.o
    0x08003e98   0x08003e98   0x0000000c   Code   RO         1367    .text.OUTLINED_FUNCTION_11  stm32f4xx_hal_spi.o
    0x08003ea4   0x08003ea4   0x00000006   Code   RO         2552    .text.OUTLINED_FUNCTION_11  ff.o
    0x08003eaa   0x08003eaa   0x00000008   Code   RO         1203    .text.OUTLINED_FUNCTION_12  stm32f4xx_hal_sd.o
    0x08003eb2   0x08003eb2   0x00000008   Code   RO         1645    .text.OUTLINED_FUNCTION_12  stm32f4xx_hal_tim.o
    0x08003eba   0x08003eba   0x0000000e   Code   RO         2554    .text.OUTLINED_FUNCTION_12  ff.o
    0x08003ec8   0x08003ec8   0x00000008   Code   RO         1205    .text.OUTLINED_FUNCTION_13  stm32f4xx_hal_sd.o
    0x08003ed0   0x08003ed0   0x0000000c   Code   RO         1371    .text.OUTLINED_FUNCTION_13  stm32f4xx_hal_spi.o
    0x08003edc   0x08003edc   0x00000008   Code   RO         1209    .text.OUTLINED_FUNCTION_15  stm32f4xx_hal_sd.o
    0x08003ee4   0x08003ee4   0x00000008   Code   RO         1375    .text.OUTLINED_FUNCTION_15  stm32f4xx_hal_spi.o
    0x08003eec   0x08003eec   0x0000000e   Code   RO         1211    .text.OUTLINED_FUNCTION_16  stm32f4xx_hal_sd.o
    0x08003efa   0x08003efa   0x00000010   Code   RO         1379    .text.OUTLINED_FUNCTION_17  stm32f4xx_hal_spi.o
    0x08003f0a   0x08003f0a   0x0000001a   Code   RO         1657    .text.OUTLINED_FUNCTION_18  stm32f4xx_hal_tim.o
    0x08003f24   0x08003f24   0x0000000c   Code   RO         1383    .text.OUTLINED_FUNCTION_19  stm32f4xx_hal_spi.o
    0x08003f30   0x08003f30   0x00000008   Code   RO          189    .text.OUTLINED_FUNCTION_2  usermain.o
    0x08003f38   0x08003f38   0x0000000e   Code   RO          289    .text.OUTLINED_FUNCTION_2  stm32f4xx_hal_adc.o
    0x08003f46   0x08003f46   0x0000000c   Code   RO          881    .text.OUTLINED_FUNCTION_2  stm32f4xx_hal_rtc.o
    0x08003f52   0x08003f52   0x00000014   Code   RO         1101    .text.OUTLINED_FUNCTION_2  stm32f4xx_ll_sdmmc.o
    0x08003f66   0x08003f66   0x00000016   Code   RO         1987    .text.OUTLINED_FUNCTION_2  stm32f4xx_hal_uart.o
    0x08003f7c   0x08003f7c   0x0000000a   Code   RO         2089    .text.OUTLINED_FUNCTION_2  ili9341_gfx.o
    0x08003f86   0x08003f86   0x00000006   Code   RO         2534    .text.OUTLINED_FUNCTION_2  ff.o
    0x08003f8c   0x08003f8c   0x0000000a   Code   RO         1385    .text.OUTLINED_FUNCTION_20  stm32f4xx_hal_spi.o
    0x08003f96   0x08003f96   0x0000000e   Code   RO         1221    .text.OUTLINED_FUNCTION_21  stm32f4xx_hal_sd.o
    0x08003fa4   0x08003fa4   0x00000008   Code   RO         1387    .text.OUTLINED_FUNCTION_21  stm32f4xx_hal_spi.o
    0x08003fac   0x08003fac   0x0000000a   Code   RO          191    .text.OUTLINED_FUNCTION_3  usermain.o
    0x08003fb6   0x08003fb6   0x00000014   Code   RO          883    .text.OUTLINED_FUNCTION_3  stm32f4xx_hal_rtc.o
    0x08003fca   0x08003fca   0x0000000a   Code   RO         1103    .text.OUTLINED_FUNCTION_3  stm32f4xx_ll_sdmmc.o
    0x08003fd4   0x08003fd4   0x00000008   Code   RO         1185    .text.OUTLINED_FUNCTION_3  stm32f4xx_hal_sd.o
    0x08003fdc   0x08003fdc   0x0000000a   Code   RO         1351    .text.OUTLINED_FUNCTION_3  stm32f4xx_hal_spi.o
    0x08003fe6   0x08003fe6   0x0000000a   Code   RO         1989    .text.OUTLINED_FUNCTION_3  stm32f4xx_hal_uart.o
    0x08003ff0   0x08003ff0   0x0000000c   Code   RO         2091    .text.OUTLINED_FUNCTION_3  ili9341_gfx.o
    0x08003ffc   0x08003ffc   0x0000000a   Code   RO         2536    .text.OUTLINED_FUNCTION_3  ff.o
    0x08004006   0x08004006   0x00000006   Code   RO         1699    .text.OUTLINED_FUNCTION_39  stm32f4xx_hal_tim.o
    0x0800400c   0x0800400c   0x0000000a   Code   RO          193    .text.OUTLINED_FUNCTION_4  usermain.o
    0x08004016   0x08004016   0x0000000e   Code   RO          885    .text.OUTLINED_FUNCTION_4  stm32f4xx_hal_rtc.o
    0x08004024   0x08004024   0x00000010   Code   RO         1353    .text.OUTLINED_FUNCTION_4  stm32f4xx_hal_spi.o
    0x08004034   0x08004034   0x0000000a   Code   RO         2093    .text.OUTLINED_FUNCTION_4  ili9341_gfx.o
    0x0800403e   0x0800403e   0x00000006   Code   RO         2538    .text.OUTLINED_FUNCTION_4  ff.o
    0x08004044   0x08004044   0x00000006   Code   RO         1701    .text.OUTLINED_FUNCTION_40  stm32f4xx_hal_tim.o
    0x0800404a   0x0800404a   0x00000008   Code   RO         1703    .text.OUTLINED_FUNCTION_41  stm32f4xx_hal_tim.o
    0x08004052   0x08004052   0x0000000a   Code   RO         1705    .text.OUTLINED_FUNCTION_42  stm32f4xx_hal_tim.o
    0x0800405c   0x0800405c   0x0000000a   Code   RO         1707    .text.OUTLINED_FUNCTION_43  stm32f4xx_hal_tim.o
    0x08004066   0x08004066   0x0000000a   Code   RO          887    .text.OUTLINED_FUNCTION_5  stm32f4xx_hal_rtc.o
    0x08004070   0x08004070   0x0000000a   Code   RO         1189    .text.OUTLINED_FUNCTION_5  stm32f4xx_hal_sd.o
    0x0800407a   0x0800407a   0x0000000a   Code   RO         1355    .text.OUTLINED_FUNCTION_5  stm32f4xx_hal_spi.o
    0x08004084   0x08004084   0x0000000a   Code   RO         2095    .text.OUTLINED_FUNCTION_5  ili9341_gfx.o
    0x0800408e   0x0800408e   0x00000006   Code   RO         1735    .text.OUTLINED_FUNCTION_57  stm32f4xx_hal_tim.o
    0x08004094   0x08004094   0x0000000a   Code   RO         1737    .text.OUTLINED_FUNCTION_58  stm32f4xx_hal_tim.o
    0x0800409e   0x0800409e   0x0000000c   Code   RO          889    .text.OUTLINED_FUNCTION_6  stm32f4xx_hal_rtc.o
    0x080040aa   0x080040aa   0x00000008   Code   RO         1191    .text.OUTLINED_FUNCTION_6  stm32f4xx_hal_sd.o
    0x080040b2   0x080040b2   0x00000008   Code   RO         1357    .text.OUTLINED_FUNCTION_6  stm32f4xx_hal_spi.o
    0x080040ba   0x080040ba   0x0000000a   Code   RO         1633    .text.OUTLINED_FUNCTION_6  stm32f4xx_hal_tim.o
    0x080040c4   0x080040c4   0x00000008   Code   RO         2542    .text.OUTLINED_FUNCTION_6  ff.o
    0x080040cc   0x080040cc   0x00000008   Code   RO          891    .text.OUTLINED_FUNCTION_7  stm32f4xx_hal_rtc.o
    0x080040d4   0x080040d4   0x00000008   Code   RO         1193    .text.OUTLINED_FUNCTION_7  stm32f4xx_hal_sd.o
    0x080040dc   0x080040dc   0x0000000a   Code   RO         1635    .text.OUTLINED_FUNCTION_7  stm32f4xx_hal_tim.o
    0x080040e6   0x080040e6   0x00000006   Code   RO         2099    .text.OUTLINED_FUNCTION_7  ili9341_gfx.o
    0x080040ec   0x080040ec   0x0000000c   Code   RO         2544    .text.OUTLINED_FUNCTION_7  ff.o
    0x080040f8   0x080040f8   0x0000000a   Code   RO         1361    .text.OUTLINED_FUNCTION_8  stm32f4xx_hal_spi.o
    0x08004102   0x08004102   0x00000010   Code   RO         2546    .text.OUTLINED_FUNCTION_8  ff.o
    0x08004112   0x08004112   0x0000000e   Code   RO         1363    .text.OUTLINED_FUNCTION_9  stm32f4xx_hal_spi.o
    0x08004120   0x08004120   0x0000000c   Code   RO         1639    .text.OUTLINED_FUNCTION_9  stm32f4xx_hal_tim.o
    0x0800412c   0x0800412c   0x00000010   Code   RO         2548    .text.OUTLINED_FUNCTION_9  ff.o
    0x0800413c   0x0800413c   0x00000002   Code   RO          156    .text.PendSV_Handler  stm32f4xx_it.o
    0x0800413e   0x0800413e   0x00000002   PAD
    0x08004140   0x08004140   0x000000e8   Code   RO         2237    .text.R1C1Fuction   matrixkeyboard.o
    0x08004228   0x08004228   0x00000034   Code   RO         2239    .text.R1C2Fuction   matrixkeyboard.o
    0x0800425c   0x0800425c   0x0000003c   Code   RO         2241    .text.R1C3Fuction   matrixkeyboard.o
    0x08004298   0x08004298   0x00000024   Code   RO          851    .text.RTC_ByteToBcd2  stm32f4xx_hal_rtc.o
    0x080042bc   0x080042bc   0x00000032   Code   RO          841    .text.RTC_EnterInitMode  stm32f4xx_hal_rtc.o
    0x080042ee   0x080042ee   0x00000024   Code   RO         1033    .text.SDIO_ConfigData  stm32f4xx_ll_sdmmc.o
    0x08004312   0x08004312   0x00000008   Code   RO         1025    .text.SDIO_GetPowerState  stm32f4xx_ll_sdmmc.o
    0x0800431a   0x0800431a   0x00000006   Code   RO         1031    .text.SDIO_GetResponse  stm32f4xx_ll_sdmmc.o
    0x08004320   0x08004320   0x00000022   Code   RO         1015    .text.SDIO_Init     stm32f4xx_ll_sdmmc.o
    0x08004342   0x08004342   0x00000010   Code   RO         1021    .text.SDIO_PowerState_ON  stm32f4xx_ll_sdmmc.o
    0x08004352   0x08004352   0x00000006   Code   RO         1017    .text.SDIO_ReadFIFO  stm32f4xx_ll_sdmmc.o
    0x08004358   0x08004358   0x00000020   Code   RO         1027    .text.SDIO_SendCommand  stm32f4xx_ll_sdmmc.o
    0x08004378   0x08004378   0x0000000a   Code   RO         1019    .text.SDIO_WriteFIFO  stm32f4xx_ll_sdmmc.o
    0x08004382   0x08004382   0x00000030   Code   RO         1071    .text.SDMMC_CmdAppCommand  stm32f4xx_ll_sdmmc.o
    0x080043b2   0x080043b2   0x00000002   PAD
    0x080043b4   0x080043b4   0x00000034   Code   RO         1073    .text.SDMMC_CmdAppOperCommand  stm32f4xx_ll_sdmmc.o
    0x080043e8   0x080043e8   0x00000030   Code   RO         1041    .text.SDMMC_CmdBlockLength  stm32f4xx_ll_sdmmc.o
    0x08004418   0x08004418   0x00000030   Code   RO         1077    .text.SDMMC_CmdBusWidth  stm32f4xx_ll_sdmmc.o
    0x08004448   0x08004448   0x0000003c   Code   RO         1067    .text.SDMMC_CmdGoIdleState  stm32f4xx_ll_sdmmc.o
    0x08004484   0x08004484   0x00000068   Code   RO         1069    .text.SDMMC_CmdOperCond  stm32f4xx_ll_sdmmc.o
    0x080044ec   0x080044ec   0x00000030   Code   RO         1047    .text.SDMMC_CmdReadMultiBlock  stm32f4xx_ll_sdmmc.o
    0x0800451c   0x0800451c   0x00000030   Code   RO         1045    .text.SDMMC_CmdReadSingleBlock  stm32f4xx_ll_sdmmc.o
    0x0800454c   0x0800454c   0x00000030   Code   RO         1065    .text.SDMMC_CmdSelDesel  stm32f4xx_ll_sdmmc.o
    0x0800457c   0x0800457c   0x0000002a   Code   RO         1081    .text.SDMMC_CmdSendCID  stm32f4xx_ll_sdmmc.o
    0x080045a6   0x080045a6   0x0000002a   Code   RO         1085    .text.SDMMC_CmdSendCSD  stm32f4xx_ll_sdmmc.o
    0x080045d0   0x080045d0   0x0000002e   Code   RO         1079    .text.SDMMC_CmdSendSCR  stm32f4xx_ll_sdmmc.o
    0x080045fe   0x080045fe   0x00000030   Code   RO         1089    .text.SDMMC_CmdSendStatus  stm32f4xx_ll_sdmmc.o
    0x0800462e   0x0800462e   0x00000002   PAD
    0x08004630   0x08004630   0x00000098   Code   RO         1087    .text.SDMMC_CmdSetRelAdd  stm32f4xx_ll_sdmmc.o
    0x080046c8   0x080046c8   0x00000030   Code   RO         1063    .text.SDMMC_CmdStopTransfer  stm32f4xx_ll_sdmmc.o
    0x080046f8   0x080046f8   0x00000030   Code   RO         1051    .text.SDMMC_CmdWriteMultiBlock  stm32f4xx_ll_sdmmc.o
    0x08004728   0x08004728   0x00000030   Code   RO         1049    .text.SDMMC_CmdWriteSingleBlock  stm32f4xx_ll_sdmmc.o
    0x08004758   0x08004758   0x0000011c   Code   RO         1043    .text.SDMMC_GetCmdResp1  stm32f4xx_ll_sdmmc.o
    0x08004874   0x08004874   0x0000004c   Code   RO         1083    .text.SDMMC_GetCmdResp2  stm32f4xx_ll_sdmmc.o
    0x080048c0   0x080048c0   0x00000044   Code   RO         1075    .text.SDMMC_GetCmdResp3  stm32f4xx_ll_sdmmc.o
    0x08004904   0x08004904   0x0000001c   Code   RO         2365    .text.SD_CheckStatus  sd_diskio.o
    0x08004920   0x08004920   0x000000c4   Code   RO         1177    .text.SD_FindSCR    stm32f4xx_hal_sd.o
    0x080049e4   0x080049e4   0x00000018   Code   RO         2355    .text.SD_initialize  sd_diskio.o
    0x080049fc   0x080049fc   0x00000050   Code   RO         2363    .text.SD_ioctl      sd_diskio.o
    0x08004a4c   0x08004a4c   0x00000022   Code   RO         2359    .text.SD_read       sd_diskio.o
    0x08004a6e   0x08004a6e   0x00000004   Code   RO         2357    .text.SD_status     sd_diskio.o
    0x08004a72   0x08004a72   0x00000022   Code   RO         2361    .text.SD_write      sd_diskio.o
    0x08004a94   0x08004a94   0x0000001c   Code   RO         1281    .text.SPI_DMAError  stm32f4xx_hal_spi.o
    0x08004ab0   0x08004ab0   0x00000006   Code   RO         1277    .text.SPI_DMAHalfTransmitCplt  stm32f4xx_hal_spi.o
    0x08004ab6   0x08004ab6   0x0000004e   Code   RO         1279    .text.SPI_DMATransmitCplt  stm32f4xx_hal_spi.o
    0x08004b04   0x08004b04   0x00000058   Code   RO         1245    .text.SPI_EndRxTxTransaction  stm32f4xx_hal_spi.o
    0x08004b5c   0x08004b5c   0x0000007c   Code   RO         1343    .text.SPI_WaitFlagStateUntilTimeout  stm32f4xx_hal_spi.o
    0x08004bd8   0x08004bd8   0x0000001c   Code   RO         2128    .text.SPI_WriteByte  lcd.o
    0x08004bf4   0x08004bf4   0x00000002   Code   RO          152    .text.SVC_Handler   stm32f4xx_it.o
    0x08004bf6   0x08004bf6   0x00000002   PAD
    0x08004bf8   0x08004bf8   0x00000090   Code   RO         2285    .text.ShowDateBuffer  rtctime.o
    0x08004c88   0x08004c88   0x00000070   Code   RO         2287    .text.ShowTimeBuffer  rtctime.o
    0x08004cf8   0x08004cf8   0x00000100   Code   RO         2300    .text.Show_Pic      picture.o
    0x08004df8   0x08004df8   0x00000004   Code   RO          158    .text.SysTick_Handler  stm32f4xx_it.o
    0x08004dfc   0x08004dfc   0x000000d0   Code   RO           13    .text.SystemClock_Config  main.o
    0x08004ecc   0x08004ecc   0x0000001c   Code   RO         2015    .text.SystemInit    system_stm32f4xx.o
    0x08004ee8   0x08004ee8   0x0000000c   Code   RO          160    .text.TIM2_IRQHandler  stm32f4xx_it.o
    0x08004ef4   0x08004ef4   0x0000000c   Code   RO          162    .text.TIM3_IRQHandler  stm32f4xx_it.o
    0x08004f00   0x08004f00   0x000000d4   Code   RO         1403    .text.TIM_Base_SetConfig  stm32f4xx_hal_tim.o
    0x08004fd4   0x08004fd4   0x00000022   Code   RO         1585    .text.TIM_TI1_ConfigInputStage  stm32f4xx_hal_tim.o
    0x08004ff6   0x08004ff6   0x00000022   Code   RO         1587    .text.TIM_TI2_ConfigInputStage  stm32f4xx_hal_tim.o
    0x08005018   0x08005018   0x0000003c   Code   RO         2110    .text.TP_Read       ili9341_touchscreen.o
    0x08005054   0x08005054   0x00000004   PAD
    0x08005058   0x08005058   0x000000f0   Code   RO         2114    .text.TP_Read_Coordinates  ili9341_touchscreen.o
    0x08005148   0x08005148   0x00000014   Code   RO         2116    .text.TP_Touchpad_Pressed  ili9341_touchscreen.o
    0x0800515c   0x0800515c   0x00000044   Code   RO         2112    .text.TP_Write      ili9341_touchscreen.o
    0x080051a0   0x080051a0   0x000000c0   Code   RO         1883    .text.UART_SetConfig  stm32f4xx_hal_uart.o
    0x08005260   0x08005260   0x00000052   Code   RO         1897    .text.UART_WaitOnFlagUntilTimeout  stm32f4xx_hal_uart.o
    0x080052b2   0x080052b2   0x00000002   Code   RO          150    .text.UsageFault_Handler  stm32f4xx_it.o
    0x080052b4   0x080052b4   0x00000500   Code   RO          181    .text.UserInit      usermain.o
    0x080057b4   0x080057b4   0x00000160   Code   RO          183    .text.UserMain      usermain.o
    0x08005914   0x08005914   0x0000006c   Code   RO         2520    .text.check_fs      ff.o
    0x08005980   0x08005980   0x00000014   Code   RO         2524    .text.chk_chr       ff.o
    0x08005994   0x08005994   0x00000058   Code   RO         2432    .text.chk_lock      ff.o
    0x080059ec   0x080059ec   0x0000001c   Code   RO         2424    .text.clear_lock    ff.o
    0x08005a08   0x08005a08   0x0000002a   Code   RO         2458    .text.clmt_clust    ff.o
    0x08005a32   0x08005a32   0x00000016   Code   RO         2452    .text.clust2sect    ff.o
    0x08005a48   0x08005a48   0x000000be   Code   RO         2464    .text.create_chain  ff.o
    0x08005b06   0x08005b06   0x00000002   PAD
    0x08005b08   0x08005b08   0x00000038   Code   RO         2472    .text.dec_lock      ff.o
    0x08005b40   0x08005b40   0x0000015c   Code   RO         2522    .text.dir_find      ff.o
    0x08005c9c   0x08005c9c   0x00000108   Code   RO         2488    .text.dir_next      ff.o
    0x08005da4   0x08005da4   0x00000114   Code   RO         2484    .text.dir_read      ff.o
    0x08005eb8   0x08005eb8   0x00000270   Code   RO         2434    .text.dir_register  ff.o
    0x08006128   0x08006128   0x00000050   Code   RO         2498    .text.dir_remove    ff.o
    0x08006178   0x08006178   0x0000009c   Code   RO         2478    .text.dir_sdi       ff.o
    0x08006214   0x08006214   0x00000020   Code   RO         2402    .text.disk_initialize  diskio.o
    0x08006234   0x08006234   0x0000001c   Code   RO         2408    .text.disk_ioctl    diskio.o
    0x08006250   0x08006250   0x0000001c   Code   RO         2404    .text.disk_read     diskio.o
    0x0800626c   0x0800626c   0x00000014   Code   RO         2400    .text.disk_status   diskio.o
    0x08006280   0x08006280   0x00000020   Code   RO         2406    .text.disk_write    diskio.o
    0x080062a0   0x080062a0   0x00000028   Code   RO         2470    .text.f_close       ff.o
    0x080062c8   0x080062c8   0x00000056   Code   RO         2508    .text.f_gets        ff.o
    0x0800631e   0x0800631e   0x00000224   Code   RO         2474    .text.f_lseek       ff.o
    0x08006542   0x08006542   0x00000002   PAD
    0x08006544   0x08006544   0x00000050   Code   RO         2420    .text.f_mount       ff.o
    0x08006594   0x08006594   0x00000238   Code   RO         2428    .text.f_open        ff.o
    0x080067cc   0x080067cc   0x00000168   Code   RO         2454    .text.f_read        ff.o
    0x08006934   0x08006934   0x00000086   Code   RO         2466    .text.f_sync        ff.o
    0x080069ba   0x080069ba   0x0000009e   Code   RO         2496    .text.f_unlink      ff.o
    0x08006a58   0x08006a58   0x00000194   Code   RO         2462    .text.f_write       ff.o
    0x08006bec   0x08006bec   0x00000040   Code   RO         2591    .text.ff_convert    ccsbcs.o
    0x08006c2c   0x08006c2c   0x00000080   Code   RO         2593    .text.ff_wtoupper   ccsbcs.o
    0x08006cac   0x08006cac   0x000002ac   Code   RO         2426    .text.find_volume   ff.o
    0x08006f58   0x08006f58   0x000002b4   Code   RO         2430    .text.follow_path   ff.o
    0x0800720c   0x0800720c   0x00000020   Code   RO          207    .text.fputc         miscellaneous.o
    0x0800722c   0x0800722c   0x000000c8   Code   RO         2450    .text.get_fat       ff.o
    0x080072f4   0x080072f4   0x00000004   Code   RO         2388    .text.get_fattime   fatfs.o
    0x080072f8   0x080072f8   0x0000003e   Code   RO         2422    .text.get_ldnumber  ff.o
    0x08007336   0x08007336   0x00000002   PAD
    0x08007338   0x08007338   0x0000006c   Code   RO         2446    .text.inc_lock      ff.o
    0x080073a4   0x080073a4   0x00000018   Code   RO         2438    .text.ld_clust      ff.o
    0x080073bc   0x080073bc   0x00000004   Code   RO         2448    .text.ld_dword      ff.o
    0x080073c0   0x080073c0   0x0000003a   Code   RO           11    .text.main          main.o
    0x080073fa   0x080073fa   0x00000010   Code   RO         2460    .text.mem_cpy       ff.o
    0x0800740a   0x0800740a   0x00000038   Code   RO         2444    .text.move_window   ff.o
    0x08007442   0x08007442   0x000000f4   Code   RO         2528    .text.put_fat       ff.o
    0x08007536   0x08007536   0x00000070   Code   RO         2442    .text.remove_chain  ff.o
    0x080075a6   0x080075a6   0x00000012   Code   RO         2440    .text.st_clust      ff.o
    0x080075b8   0x080075b8   0x00000004   Code   RO         2436    .text.st_dword      ff.o
    0x080075bc   0x080075bc   0x0000001c   Code   RO         2526    .text.sum_sfn       ff.o
    0x080075d8   0x080075d8   0x0000007c   Code   RO         2468    .text.sync_fs       ff.o
    0x08007654   0x08007654   0x0000004c   Code   RO         2502    .text.sync_window   ff.o
    0x080076a0   0x080076a0   0x00000030   Code   RO         2456    .text.validate      ff.o
    0x080076d0   0x080076d0   0x00000020   Code   RO         2852    i.__0printf         mc_w.l(printfa.o)
    0x080076f0   0x080076f0   0x00000028   Code   RO         2854    i.__0sprintf        mc_w.l(printfa.o)
    0x08007718   0x08007718   0x0000000e   Code   RO         2943    i.__scatterload_copy  mc_w.l(handlers.o)
    0x08007726   0x08007726   0x00000002   Code   RO         2944    i.__scatterload_null  mc_w.l(handlers.o)
    0x08007728   0x08007728   0x0000000e   Code   RO         2945    i.__scatterload_zeroinit  mc_w.l(handlers.o)
    0x08007736   0x08007736   0x00000002   PAD
    0x08007738   0x08007738   0x00000184   Code   RO         2859    i._fp_digits        mc_w.l(printfa.o)
    0x080078bc   0x080078bc   0x000006dc   Code   RO         2860    i._printf_core      mc_w.l(printfa.o)
    0x08007f98   0x08007f98   0x00000024   Code   RO         2861    i._printf_post_padding  mc_w.l(printfa.o)
    0x08007fbc   0x08007fbc   0x0000002e   Code   RO         2862    i._printf_pre_padding  mc_w.l(printfa.o)
    0x08007fea   0x08007fea   0x0000000a   Code   RO         2864    i._sputc            mc_w.l(printfa.o)
    0x08007ff4   0x08007ff4   0x00000024   Code   RO         2607    i.puts              mc_w.l(puts.o)
    0x08008018   0x08008018   0x00000010   Data   RO         2020    .rodata.AHBPrescTable  system_stm32f4xx.o
    0x08008028   0x08008028   0x00000008   Data   RO         2021    .rodata.APBPrescTable  system_stm32f4xx.o
    0x08008030   0x08008030   0x00000080   Data   RO         2560    .rodata.ExCvt       ff.o
    0x080080b0   0x080080b0   0x0000000d   Data   RO         2561    .rodata.LfnOfs      ff.o
    0x080080bd   0x080080bd   0x00000003   PAD
    0x080080c0   0x080080c0   0x00000014   Data   RO         2367    .rodata.SD_Driver   sd_diskio.o
    0x080080d4   0x080080d4   0x00000100   Data   RO         2595    .rodata.Tbl         ccsbcs.o
    0x080081d4   0x080081d4   0x000005f1   Data   RO         2204    .rodata.asc16       gui.o
    0x080087c5   0x080087c5   0x0000004a   Data   RO         2207    .rodata.hz24        gui.o
    0x0800880f   0x0800880f   0x0000033f   Data   RO          195    .rodata.str1.1      usermain.o
    0x08008b4e   0x08008b4e   0x0000000a   Data   RO         2277    .rodata.str1.1      matrixkeyboard.o
    0x08008b58   0x08008b58   0x00000094   Data   RO         2289    .rodata.str1.1      rtctime.o
    0x08008bec   0x08008bec   0x000002ae   Data   RO         2596    .rodata.str2.2      ccsbcs.o
    0x08008e9a   0x08008e9a   0x00000002   PAD
    0x08008e9c   0x08008e9c   0x00000020   Data   RO         2942    Region$$Table       anon$$obj.o


    Execution Region RW_IRAM2 (Exec base: 0x10000000, Load base: 0x08008ee0, Size: 0x00000000, Max: 0x00010000, ABSOLUTE)

    **** No section assigned to this execution region ****


    Execution Region RW_IRAM1 (Exec base: 0x20000000, Load base: 0x08008ec0, Size: 0x00002f50, Max: 0x00020000, ABSOLUTE)

    Exec Addr    Load Addr    Size         Type   Attr      Idx    E Section Name        Object

    0x20000000   0x08008ec0   0x00000004   Data   RW         2912    .data               mc_w.l(stdout.o)
    0x20000004   0x08008ec4   0x00000008   Data   RW          724    .data..L_MergedGlobals  stm32f4xx_hal.o
    0x2000000c   0x08008ecc   0x00000004   Data   RW         2062    .data..L_MergedGlobals  ili9341_stm32_driver.o
    0x20000010   0x08008ed0   0x00000004   Data   RW         2275    .data.PicNum        matrixkeyboard.o
    0x20000014   0x08008ed4   0x00000001   Data   RW         2368    .data.Stat          sd_diskio.o
    0x20000015   0x08008ed5   0x00000003   PAD
    0x20000018   0x08008ed8   0x00000004   Data   RW         2019    .data.SystemCoreClock  system_stm32f4xx.o
    0x2000001c   0x08008edc   0x00000004   PAD
    0x20000020        -       0x0000003c   Zero   RW          198    .bss..L_MergedGlobals  usermain.o
    0x2000005c        -       0x00000005   Zero   RW         2392    .bss..L_MergedGlobals  fatfs.o
    0x20000061   0x08008edc   0x00000003   PAD
    0x20000064        -       0x00000008   Zero   RW         2562    .bss..L_MergedGlobals  ff.o
    0x2000006c        -       0x00000004   Zero   RW         2212    .bss.ClearReaginSet.Y  gui.o
    0x20000070        -       0x00000020   Zero   RW         2559    .bss.Files          ff.o
    0x20000090        -       0x000003c0   Zero   RW         2304    .bss.FrameBuffer    picture.o
    0x20000450        -       0x00000004   Zero   RW         2276    .bss.KeyFlag        matrixkeyboard.o
    0x20000454        -       0x0000000c   Zero   RW         2581    .bss.disk           ff_gen_drv.o
    0x20000460        -       0x00001030   Zero   RW          197    .bss.fd             usermain.o
    0x20001490        -       0x00001038   Zero   RW          196    .bss.fs             usermain.o
    0x200024c8        -       0x00000048   Zero   RW           43    .bss.hadc1          adc.o
    0x20002510        -       0x00000064   Zero   RW           98    .bss.hdma_spi1_tx   spi.o
    0x20002574        -       0x00000024   Zero   RW           67    .bss.hrtc           rtc.o
    0x20002598        -       0x00000084   Zero   RW           82    .bss.hsd            sdio.o
    0x2000261c        -       0x0000005c   Zero   RW           97    .bss.hspi1          spi.o
    0x20002678        -       0x00000044   Zero   RW          117    .bss.htim2          tim.o
    0x200026bc        -       0x00000044   Zero   RW          118    .bss.htim3          tim.o
    0x20002700        -       0x00000048   Zero   RW          133    .bss.huart1         usart.o
    0x20002748        -       0x00000004   Zero   RW          723    .bss.uwTick         stm32f4xx_hal.o
    0x2000274c   0x08008edc   0x00000004   PAD
    0x20002750        -       0x00000800   Zero   RW            1    STACK               startup_stm32f407xx.o


==============================================================================

Image component sizes


      Code (inc. data)   RO Data    RW Data    ZI Data      Debug   Object Name

       192         16          0          0         72       4940   adc.o
       408         64          0          0          0       1555   batadc.o
       158          4          0          0          0       6793   bsp_driver_sd.o
       192         22        942          0          0       1725   ccsbcs.o
       140          4          0          0          0       1901   diskio.o
        52          4          0          0          0       3292   dma.o
        28          8          0          0          5       1887   fatfs.o
        24          4          0          0          0       1209   fatfs_platform.o
      7290         92        141          0         40      48632   ff.o
        66          4          0          0         12       2542   ff_gen_drv.o
       292         20          0          0          0       2578   gpio.o
       884         20       1595          0          4      10162   gui.o
       402          8          0          0          0       8144   ili9341_gfx.o
       848         24          0          4          0       7877   ili9341_stm32_driver.o
       396         20          0          0          0       2598   ili9341_touchscreen.o
       170         16          0          0          0       4083   lcd.o
       274          8          0          0          0       3028   main.o
       834         88         10          4          4       4773   matrixkeyboard.o
        88         16          0          0          0       4578   miscellaneous.o
       316          4          0          0        960       3283   picture.o
       144         20          0          0         36       3139   rtc.o
       256         80        148          0          0       1347   rtctime.o
       204          8         20          1          0       3202   sd_diskio.o
       188         16          0          0        132       5214   sdio.o
       236         24          0          0        192       5010   spi.o
        36          8        392          0       2048        832   startup_stm32f407xx.o
       172         12          0          8          4       7449   stm32f4xx_hal.o
       958         36          0          0          0      10752   stm32f4xx_hal_adc.o
       186         24          0          0          0      10310   stm32f4xx_hal_cortex.o
       786         20          0          0          0       9010   stm32f4xx_hal_dma.o
       428         24          0          0          0       5113   stm32f4xx_hal_gpio.o
        60          4          0          0          0       1468   stm32f4xx_hal_msp.o
      1272         56          0          0          0       7562   stm32f4xx_hal_rcc.o
       286         16          0          0          0       4404   stm32f4xx_hal_rcc_ex.o
       868         12          0          0          0      11882   stm32f4xx_hal_rtc.o
        10          0          0          0          0      13885   stm32f4xx_hal_rtc_ex.o
      2296         20          0          0          0      24661   stm32f4xx_hal_sd.o
      1044         20          0          0          0      21938   stm32f4xx_hal_spi.o
       956         44          0          0          0      42510   stm32f4xx_hal_tim.o
       132         24          0          0          0      16578   stm32f4xx_hal_tim_ex.o
       552          4          0          0          0      18031   stm32f4xx_hal_uart.o
        60         12          0          0          0       1278   stm32f4xx_it.o
       212          0          0          0          0       3714   stm32f4xx_ll_gpio.o
      1598         24          0          0          0      13635   stm32f4xx_ll_sdmmc.o
        28          4         24          4          0       2638   system_stm32f4xx.o
       304         16          0          0        136       6966   tim.o
       164         16          0          0         72       4802   usart.o
      1676        360        831          0       8356       4509   usermain.o

    ----------------------------------------------------------------------
     28212       1354       4140         24      12084     387419   Object Totals
         0          0         32          0          0          0   (incl. Generated)
        46          4          5          3         11          0   (incl. Padding)

    ----------------------------------------------------------------------

      Code (inc. data)   RO Data    RW Data    ZI Data      Debug   Library Member Name

         0          0          0          0          0          0   entry.o
         0          0          0          0          0          0   entry10a.o
         0          0          0          0          0          0   entry11a.o
         8          4          0          0          0          0   entry2.o
         4          0          0          0          0          0   entry5.o
         0          0          0          0          0          0   entry7b.o
         0          0          0          0          0          0   entry8b.o
         8          4          0          0          0          0   entry9a.o
        30          0          0          0          0          0   handlers.o
        36          8          0          0          0         68   init.o
         0          0          0          0          0          0   iusefp.o
        30          0          0          0          0         68   llshl.o
        36          0          0          0          0         68   llsshr.o
        32          0          0          0          0         68   llushr.o
        36          0          0          0          0         68   memcpya.o
        36          0          0          0          0        108   memseta.o
      2308         96          0          0          0        604   printfa.o
        36          6          0          0          0         80   puts.o
         0          0          0          4          0          0   stdout.o
        44          0          0          0          0         80   uidiv.o
        98          0          0          0          0         92   uldiv.o
        48          0          0          0          0         68   cdrcmple.o
        56          0          0          0          0         88   d2f.o
       334          0          0          0          0        148   dadd.o
       222          0          0          0          0        100   ddiv.o
       186          0          0          0          0        176   depilogue.o
        62          0          0          0          0         80   dfixi.o
        50          0          0          0          0         76   dfixui.o
        48          0          0          0          0         68   dfixul.o
        34          0          0          0          0         76   dflti.o
        26          0          0          0          0         76   dfltui.o
       228          0          0          0          0         96   dmul.o
        38          0          0          0          0         68   f2d.o
       110          0          0          0          0        168   fepilogue.o

    ----------------------------------------------------------------------
      4188        118          0          4          0       2592   Library Totals
         4          0          0          0          0          0   (incl. Padding)

    ----------------------------------------------------------------------

      Code (inc. data)   RO Data    RW Data    ZI Data      Debug   Library Name

      2742        118          0          4          0       1304   mc_w.l
      1442          0          0          0          0       1288   mf_w.l

    ----------------------------------------------------------------------
      4188        118          0          4          0       2592   Library Totals

    ----------------------------------------------------------------------

==============================================================================


      Code (inc. data)   RO Data    RW Data    ZI Data      Debug   

     32400       1472       4140         28      12084     388127   Grand Totals
     32400       1472       4140         28      12084     388127   ELF Image Totals
     32400       1472       4140         28          0          0   ROM Totals

==============================================================================

    Total RO  Size (Code + RO Data)                36540 (  35.68kB)
    Total RW  Size (RW Data + ZI Data)             12112 (  11.83kB)
    Total ROM Size (Code + RO Data + RW Data)      36568 (  35.71kB)

==============================================================================

