<html>
<body>
<pre>
<h1>µVision Build Log</h1>
<h2>Tool Versions:</h2>
IDE-Version: ¦ÌVision V5.33.0.0
Copyright (C) 2020 ARM Ltd and ARM Germany GmbH. All rights reserved.
License Information: 111 111, 111, LIC=MPPLD-8GF48-FW72N-YXHIB-D0AQH-49N8E
 
Tool Versions:
Toolchain:       MDK-ARM Plus  Version: 5.33.0.0
Toolchain Path:  D:\Program Files (x86)\Keil_v5\ARM\ARMCLANG\Bin
C Compiler:      ArmClang.exe V6.15
Assembler:       Armasm.exe V6.15
Linker/Locator:  ArmLink.exe V6.15
Library Manager: ArmAr.exe V6.15
Hex Converter:   FromElf.exe V6.15
CPU DLL:         SARMCM3.DLL V5.33.0.0
Dialog DLL:      DCM.DLL V1.17.3.0
Target DLL:      Segger\JL2CM3.dll V2.99.38.0
Dialog DLL:      TCM.DLL V1.48.0.0
 
<h2>Project:</h2>
D:\Quantum815\Documents\GitHub\EmbededWork\FinalWork\MDK-ARM\FinalWork.uvprojx
Project File Date:  01/07/2021

<h2>Output:</h2>
*** Using Compiler 'V6.15', folder: 'D:\Program Files (x86)\Keil_v5\ARM\ARMCLANG\Bin'
Build target 'FinalWork'
assembling startup_stm32f407xx.s...
compiling adc.c...
compiling dma.c...
compiling gpio.c...
compiling sdio.c...
compiling main.c...
compiling rtc.c...
compiling spi.c...
compiling tim.c...
compiling stm32f4xx_hal_msp.c...
compiling usart.c...
compiling stm32f4xx_it.c...
compiling Miscellaneous.c...
compiling stm32f4xx_ll_gpio.c...
compiling UserMain.c...
compiling stm32f4xx_hal_rcc_ex.c...
compiling stm32f4xx_hal_flash.c...
compiling stm32f4xx_hal_flash_ramfunc.c...
compiling stm32f4xx_hal_adc.c...
compiling stm32f4xx_hal_adc_ex.c...
compiling stm32f4xx_hal_rcc.c...
compiling stm32f4xx_hal_flash_ex.c...
compiling stm32f4xx_hal_gpio.c...
compiling stm32f4xx_hal_pwr_ex.c...
compiling stm32f4xx_hal_dma_ex.c...
compiling stm32f4xx_hal_pwr.c...
compiling stm32f4xx_hal.c...
compiling stm32f4xx_hal_cortex.c...
compiling stm32f4xx_hal_dma.c...
compiling stm32f4xx_hal_exti.c...
compiling stm32f4xx_ll_exti.c...
compiling stm32f4xx_ll_rcc.c...
compiling stm32f4xx_ll_utils.c...
compiling stm32f4xx_hal_rtc.c...
compiling stm32f4xx_ll_sdmmc.c...
compiling stm32f4xx_hal_rtc_ex.c...
compiling system_stm32f4xx.c...
compiling stm32f4xx_hal_tim_ex.c...
compiling ILI9341_STM32_Driver.c...
compiling stm32f4xx_hal_sd.c...
compiling stm32f4xx_hal_spi.c...
compiling stm32f4xx_hal_uart.c...
compiling ILI9341_GFX.c...
compiling stm32f4xx_hal_tim.c...
compiling ILI9341_Touchscreen.c...
compiling LCD.c...
compiling BatADC.c...
compiling MatrixKeyboard.c...
compiling Gui.c...
compiling bsp_driver_sd.c...
compiling Picture.c...
compiling RtcTime.c...
compiling fatfs_platform.c...
compiling sd_diskio.c...
compiling fatfs.c...
compiling diskio.c...
compiling ff_gen_drv.c...
compiling syscall.c...
compiling ccsbcs.c...
compiling ff.c...
linking...
Program Size: Code=32376 RO-data=4140 RW-data=28 ZI-data=11604  
FromELF: creating hex file...
"FinalWork\FinalWork.axf" - 0 Error(s), 0 Warning(s).

<h2>Software Packages used:</h2>

Package Vendor: ARM
                http://www.keil.com/pack/ARM.CMSIS.5.7.0.pack
                ARM.CMSIS.5.7.0
                CMSIS (Cortex Microcontroller Software Interface Standard)
   * Component: CORE Version: 5.4.0

Package Vendor: Keil
                http://www.keil.com/pack/Keil.STM32F4xx_DFP.2.15.0.pack
                Keil.STM32F4xx_DFP.2.15.0
                STMicroelectronics STM32F4 Series Device Support, Drivers and Examples

<h2>Collection of Component include folders:</h2>
  .\RTE\_FinalWork
  D:\Quantum815\Documents\Arm\Packs\ARM\CMSIS\5.7.0\CMSIS\Core\Include
  D:\Quantum815\Documents\Arm\Packs\Keil\STM32F4xx_DFP\2.15.0\Drivers\CMSIS\Device\ST\STM32F4xx\Include

<h2>Collection of Component Files used:</h2>

   * Component: ARM::CMSIS:CORE:5.4.0
      Include file:  CMSIS\Core\Include\tz_context.h
Build Time Elapsed:  00:00:09
</pre>
</body>
</html>
